[33m>[39m Building...
[32mظêأ[39m Building...
Application bundle generation failed. [29.145 seconds]

node.exe : [1m[33m[33mظû▓ [43;33m[[43;30mWARNING[43;33m][0m [1mDuplicate key "nav.risk" in object literal[0m 
[duplicate-object-key]
At line:1 char:1
+ & "C:\Program Files\nodejs/node.exe" "C:\Program Files\nodejs/node_mo ...
+ ~~~~~~~~~~~~~~~~~~~~~~~~~~~~~~~~~~~~~~~~~~~~~~~~~~~~~~~~~~~~~~~~~~~~~
    + CategoryInfo          : NotSpecified: ([1m[33m[33mظ...ate-object-key]:String) [], RemoteException
    + FullyQualifiedErrorId : NativeCommandError
 

    src/app/core/services/i18n.service.ts:90:4:
[37m      90 ظ¤é     [32m'nav.risk'[37m: { en: 'Risk Guard', ar: '╪ص┘à╪د┘è╪ر ╪د┘┘à╪«╪د╪╖╪▒...
         ظـ╡     [32m~~~~~~~~~~[0m

  The original key "nav.risk" is here:

    src/app/core/services/i18n.service.ts:82:4:
[37m      82 ظ¤é     [32m'nav.risk'[37m: { en: 'Risk Engine', ar: '╪ح╪»╪د╪▒╪ر ╪د┘┘à╪«╪د╪╖ي┐╜...
         ظـ╡     [32m~~~~~~~~~~[0m

[39m[22m
[1m[31m[31mX [41;31m[[41;97mERROR[41;31m][0m [1mNG1: Property 'authService' is private and only accessible 
within class 'SidebarComponent'.[0m [1m[35m[plugin angular-compiler][0m

    src/app/core/layout/sidebar/sidebar.component.html:57:14:
[37m      57 ظ¤é           {{ ([32mauthService[37m.currentUser$ | async)?.firstName || 'Mas...
         ظـ╡               [32m~~~~~~~~~~~[0m

  Error occurs in the template of component SidebarComponent.

    src/app/core/layout/sidebar/sidebar.component.ts:14:15:
[37m      14 ظ¤é   templateUrl: [32m'./sidebar.component.html'[37m
         ظـ╡                [32m~~~~~~~~~~~~~~~~~~~~~~~~~~[0m


[31mX [41;31m[[41;97mERROR[41;31m][0m [1mTS2304: Cannot find name 'Injectable'.[0m [1m[35m[plugin 
angular-compiler][0m

    src/app/core/services/auth.service.ts:6:1:
[37m      6 ظ¤é @[32mInjectable[37m({
        ظـ╡  [32m~~~~~~~~~~[0m


[31mX [41;31m[[41;97mERROR[41;31m][0m [1mTS1117: An object literal cannot have multiple properties with the same 
name.[0m [1m[35m[plugin angular-compiler][0m

    src/app/core/services/i18n.service.ts:101:2:
[37m      101 ظ¤é   [32m'nav.risk'[37m:                { en: 'Risk Guard', ar: '╪ص┘à╪د┘è╪ر ...
          ظـ╡   [32m~~~~~~~~~~[0m


[31mX [41;31m[[41;97mERROR[41;31m][0m [1mNG5002: Parser Error: Cannot have a pipe in an action expression at 
column 14 in [setTab(tab | any)] in 
C:/Users/alllllll/OneDrive/Desktop/╪د┘╪د╪«┘è╪▒/TradeFlow/src/app/features/settings/settings.component.html@20:23[0m 
[1m[35m[plugin angular-compiler][0m

    src/app/features/settings/settings.component.html:21:23:
[37m      21 ظ¤é               (click)="[32msetTab(tab | any)[37m"
         ظـ╡                        [32m~~~~~~~~~~~~~~~~~[0m

  Error occurs in the template of component SettingsComponent.

    src/app/features/settings/settings.component.ts:17:15:
[37m      17 ظ¤é   templateUrl: [32m'./settings.component.html'[37m
         ظـ╡                [32m~~~~~~~~~~~~~~~~~~~~~~~~~~~[0m


[31mX [41;31m[[41;97mERROR[41;31m][0m [1mNG5002: Parser Error: Unexpected token ), expected identifier or 
keyword at column 17 in [setTab(tab | any)] in 
C:/Users/alllllll/OneDrive/Desktop/╪د┘╪د╪«┘è╪▒/TradeFlow/src/app/features/settings/settings.component.html@20:23[0m 
[1m[35m[plugin angular-compiler][0m

    src/app/features/settings/settings.component.html:21:23:
[37m      21 ظ¤é               (click)="[32msetTab(tab | any)[37m"
         ظـ╡                        [32m~~~~~~~~~~~~~~~~~[0m

  Error occurs in the template of component SettingsComponent.

    src/app/features/settings/settings.component.ts:17:15:
[37m      17 ظ¤é   templateUrl: [32m'./settings.component.html'[37m
         ظـ╡                [32m~~~~~~~~~~~~~~~~~~~~~~~~~~~[0m


[31mX [41;31m[[41;97mERROR[41;31m][0m [1mNG8004: No pipe found with name ''.[0m [1m[35m[plugin 
angular-compiler][0m

    src/app/features/settings/settings.component.html:21:39:
[37m      21 ظ¤é               (click)="setTab(tab | any[32m[37m)"
         ظـ╡                                        [32m^[0m

  Error occurs in the template of component SettingsComponent.

    src/app/features/settings/settings.component.ts:17:15:
[37m      17 ظ¤é   templateUrl: [32m'./settings.component.html'[37m
         ظـ╡                [32m~~~~~~~~~~~~~~~~~~~~~~~~~~~[0m


[31mX [41;31m[[41;97mERROR[41;31m][0m [1mNG5002: Parser Error: Cannot have a pipe in an action expression at 
column 14 in [setTab(tab | any)] in 
C:/Users/alllllll/OneDrive/Desktop/╪د┘╪د╪«┘è╪▒/TradeFlow/src/app/features/settings/settings.component.html@20:23[0m 
[1m[35m[plugin angular-compiler][0m

    src/app/features/settings/settings.component.html:22:34:
[37m      22 ظ¤é               [class.active-tab]="[32mactiveTab === tab[37m"
         ظـ╡                                   [32m~~~~~~~~~~~~~~~~~[0m

  Error occurs in the template of component SettingsComponent.

    src/app/features/settings/settings.component.ts:17:15:
[37m      17 ظ¤é   templateUrl: [32m'./settings.component.html'[37m
         ظـ╡                [32m~~~~~~~~~~~~~~~~~~~~~~~~~~~[0m


[31mX [41;31m[[41;97mERROR[41;31m][0m [1mNG5002: Parser Error: Unexpected token ), expected identifier or 
keyword at column 17 in [setTab(tab | any)] in 
C:/Users/alllllll/OneDrive/Desktop/╪د┘╪د╪«┘è╪▒/TradeFlow/src/app/features/settings/settings.component.html@20:23[0m 
[1m[35m[plugin angular-compiler][0m

    src/app/features/settings/settings.component.html:22:34:
[37m      22 ظ¤é               [class.active-tab]="[32mactiveTab === tab[37m"
         ظـ╡                                   [32m~~~~~~~~~~~~~~~~~[0m

  Error occurs in the template of component SettingsComponent.

    src/app/features/settings/settings.component.ts:17:15:
[37m      17 ظ¤é   templateUrl: [32m'./settings.component.html'[37m
         ظـ╡                [32m~~~~~~~~~~~~~~~~~~~~~~~~~~~[0m


[31mX [41;31m[[41;97mERROR[41;31m][0m [1mNG5002: Parser Error: Cannot have a pipe in an action expression at 
column 14 in [setTab(tab | any)] in 
C:/Users/alllllll/OneDrive/Desktop/╪د┘╪د╪«┘è╪▒/TradeFlow/src/app/features/settings/settings.component.html@20:23[0m 
[1m[35m[plugin angular-compiler][0m

    src/app/features/settings/settings.component.html:24:31:
[37m      24 ظ¤é ...ar [img]="[32mtab === 'profile' ? icons.User : tab === 'appearance'[37m...
         ظـ╡              [32m~~~~~~~~~~~~~~~~~~~~~~~~~~~~~~~~~~~~~~~~~~~~~~~~~~~~~[0m

  Error occurs in the template of component SettingsComponent.

    src/app/features/settings/settings.component.ts:17:15:
[37m      17 ظ¤é   templateUrl: [32m'./settings.component.html'[37m
         ظـ╡                [32m~~~~~~~~~~~~~~~~~~~~~~~~~~~[0m


[31mX [41;31m[[41;97mERROR[41;31m][0m [1mNG5002: Parser Error: Unexpected token ), expected identifier or 
keyword at column 17 in [setTab(tab | any)] in 
C:/Users/alllllll/OneDrive/Desktop/╪د┘╪د╪«┘è╪▒/TradeFlow/src/app/features/settings/settings.component.html@20:23[0m 
[1m[35m[plugin angular-compiler][0m

    src/app/features/settings/settings.component.html:24:31:
[37m      24 ظ¤é ...ar [img]="[32mtab === 'profile' ? icons.User : tab === 'appearance'[37m...
         ظـ╡              [32m~~~~~~~~~~~~~~~~~~~~~~~~~~~~~~~~~~~~~~~~~~~~~~~~~~~~~[0m

  Error occurs in the template of component SettingsComponent.

    src/app/features/settings/settings.component.ts:17:15:
[37m      17 ظ¤é   templateUrl: [32m'./settings.component.html'[37m
         ظـ╡                [32m~~~~~~~~~~~~~~~~~~~~~~~~~~~[0m


[31mX [41;31m[[41;97mERROR[41;31m][0m [1mNG5002: Parser Error: Cannot have a pipe in an action expression at 
column 14 in [setTab(tab | any)] in 
C:/Users/alllllll/OneDrive/Desktop/╪د┘╪د╪«┘è╪▒/TradeFlow/src/app/features/settings/settings.component.html@20:23[0m 
[1m[35m[plugin angular-compiler][0m

    src/app/features/settings/settings.component.html:26:8:
[37m      26 ظ¤é         [32m{{ t('settings.tab.' + tab) }}[37m
         ظـ╡         [32m~~~~~~~~~~~~~~~~~~~~~~~~~~~~~~[0m

  Error occurs in the template of component SettingsComponent.

    src/app/features/settings/settings.component.ts:17:15:
[37m      17 ظ¤é   templateUrl: [32m'./settings.component.html'[37m
         ظـ╡                [32m~~~~~~~~~~~~~~~~~~~~~~~~~~~[0m


[31mX [41;31m[[41;97mERROR[41;31m][0m [1mNG5002: Parser Error: Unexpected token ), expected identifier or 
keyword at column 17 in [setTab(tab | any)] in 
C:/Users/alllllll/OneDrive/Desktop/╪د┘╪د╪«┘è╪▒/TradeFlow/src/app/features/settings/settings.component.html@20:23[0m 
[1m[35m[plugin angular-compiler][0m

    src/app/features/settings/settings.component.html:26:8:
[37m      26 ظ¤é         [32m{{ t('settings.tab.' + tab) }}[37m
         ظـ╡         [32m~~~~~~~~~~~~~~~~~~~~~~~~~~~~~~[0m

  Error occurs in the template of component SettingsComponent.

    src/app/features/settings/settings.component.ts:17:15:
[37m      17 ظ¤é   templateUrl: [32m'./settings.component.html'[37m
         ظـ╡                [32m~~~~~~~~~~~~~~~~~~~~~~~~~~~[0m


[31mX [41;31m[[41;97mERROR[41;31m][0m [1mNG5002: Parser Error: Cannot have a pipe in an action expression at 
column 14 in [setTab(tab | any)] in 
C:/Users/alllllll/OneDrive/Desktop/╪د┘╪د╪«┘è╪▒/TradeFlow/src/app/features/settings/settings.component.html@20:23[0m 
[1m[35m[plugin angular-compiler][0m

    src/app/features/settings/settings.component.html:35:15:
[37m      35 ظ¤é       <section [32m*ngIf="activeTab === 'profile'"[37m class="space-y-8 an...
         ظـ╡                [32m~~~~~~~~~~~~~~~~~~~~~~~~~~~~~~~[0m

  Error occurs in the template of component SettingsComponent.

    src/app/features/settings/settings.component.ts:17:15:
[37m      17 ظ¤é   templateUrl: [32m'./settings.component.html'[37m
         ظـ╡                [32m~~~~~~~~~~~~~~~~~~~~~~~~~~~[0m


[31mX [41;31m[[41;97mERROR[41;31m][0m [1mNG5002: Parser Error: Unexpected token ), expected identifier or 
keyword at column 17 in [setTab(tab | any)] in 
C:/Users/alllllll/OneDrive/Desktop/╪د┘╪د╪«┘è╪▒/TradeFlow/src/app/features/settings/settings.component.html@20:23[0m 
[1m[35m[plugin angular-compiler][0m

    src/app/features/settings/settings.component.html:35:15:
[37m      35 ظ¤é       <section [32m*ngIf="activeTab === 'profile'"[37m class="space-y-8 an...
         ظـ╡                [32m~~~~~~~~~~~~~~~~~~~~~~~~~~~~~~~[0m

  Error occurs in the template of component SettingsComponent.

    src/app/features/settings/settings.component.ts:17:15:
[37m      17 ظ¤é   templateUrl: [32m'./settings.component.html'[37m
         ظـ╡                [32m~~~~~~~~~~~~~~~~~~~~~~~~~~~[0m


[31mX [41;31m[[41;97mERROR[41;31m][0m [1mNG5002: Parser Error: Cannot have a pipe in an action expression at 
column 14 in [setTab(tab | any)] in 
C:/Users/alllllll/OneDrive/Desktop/╪د┘╪د╪«┘è╪▒/TradeFlow/src/app/features/settings/settings.component.html@20:23[0m 
[1m[35m[plugin angular-compiler][0m

    src/app/features/settings/settings.component.html:38:35:
[37m      38 ظ¤é ...    <lucide-angular [img]="[32micons.User[37m" class="w-8 h-8 text-blac...
         ظـ╡                               [32m~~~~~~~~~~[0m

  Error occurs in the template of component SettingsComponent.

    src/app/features/settings/settings.component.ts:17:15:
[37m      17 ظ¤é   templateUrl: [32m'./settings.component.html'[37m
         ظـ╡                [32m~~~~~~~~~~~~~~~~~~~~~~~~~~~[0m


[31mX [41;31m[[41;97mERROR[41;31m][0m [1mNG5002: Parser Error: Unexpected token ), expected identifier or 
keyword at column 17 in [setTab(tab | any)] in 
C:/Users/alllllll/OneDrive/Desktop/╪د┘╪د╪«┘è╪▒/TradeFlow/src/app/features/settings/settings.component.html@20:23[0m 
[1m[35m[plugin angular-compiler][0m

    src/app/features/settings/settings.component.html:38:35:
[37m      38 ظ¤é ...    <lucide-angular [img]="[32micons.User[37m" class="w-8 h-8 text-blac...
         ظـ╡                               [32m~~~~~~~~~~[0m

  Error occurs in the template of component SettingsComponent.

    src/app/features/settings/settings.component.ts:17:15:
[37m      17 ظ¤é   templateUrl: [32m'./settings.component.html'[37m
         ظـ╡                [32m~~~~~~~~~~~~~~~~~~~~~~~~~~~[0m


[31mX [41;31m[[41;97mERROR[41;31m][0m [1mNG5002: Parser Error: Cannot have a pipe in an action expression at 
column 14 in [setTab(tab | any)] in 
C:/Users/alllllll/OneDrive/Desktop/╪د┘╪د╪«┘è╪▒/TradeFlow/src/app/features/settings/settings.component.html@20:23[0m 
[1m[35m[plugin angular-compiler][0m

    src/app/features/settings/settings.component.html:49:32:
[37m      49 ظ¤é ...   <input [(ngModel)]="[32msettings.firstName[37m" class="setting-input...
         ظـ╡                           [32m~~~~~~~~~~~~~~~~~~[0m

  Error occurs in the template of component SettingsComponent.

    src/app/features/settings/settings.component.ts:17:15:
[37m      17 ظ¤é   templateUrl: [32m'./settings.component.html'[37m
         ظـ╡                [32m~~~~~~~~~~~~~~~~~~~~~~~~~~~[0m


[31mX [41;31m[[41;97mERROR[41;31m][0m [1mNG5002: Parser Error: Cannot have a pipe in an action expression at 
column 14 in [setTab(tab | any)] in 
C:/Users/alllllll/OneDrive/Desktop/╪د┘╪د╪«┘è╪▒/TradeFlow/src/app/features/settings/settings.component.html@20:23[0m 
[1m[35m[plugin angular-compiler][0m

    src/app/features/settings/settings.component.html:49:32:
[37m      49 ظ¤é ...   <input [(ngModel)]="[32msettings.firstName[37m" class="setting-input...
         ظـ╡                           [32m~~~~~~~~~~~~~~~~~~[0m

  Error occurs in the template of component SettingsComponent.

    src/app/features/settings/settings.component.ts:17:15:
[37m      17 ظ¤é   templateUrl: [32m'./settings.component.html'[37m
         ظـ╡                [32m~~~~~~~~~~~~~~~~~~~~~~~~~~~[0m


[31mX [41;31m[[41;97mERROR[41;31m][0m [1mNG5002: Parser Error: Unexpected token ), expected identifier or 
keyword at column 17 in [setTab(tab | any)] in 
C:/Users/alllllll/OneDrive/Desktop/╪د┘╪د╪«┘è╪▒/TradeFlow/src/app/features/settings/settings.component.html@20:23[0m 
[1m[35m[plugin angular-compiler][0m

    src/app/features/settings/settings.component.html:49:32:
[37m      49 ظ¤é ...   <input [(ngModel)]="[32msettings.firstName[37m" class="setting-input...
         ظـ╡                           [32m~~~~~~~~~~~~~~~~~~[0m

  Error occurs in the template of component SettingsComponent.

    src/app/features/settings/settings.component.ts:17:15:
[37m      17 ظ¤é   templateUrl: [32m'./settings.component.html'[37m
         ظـ╡                [32m~~~~~~~~~~~~~~~~~~~~~~~~~~~[0m


[31mX [41;31m[[41;97mERROR[41;31m][0m [1mNG5002: Parser Error: Unexpected token ), expected identifier or 
keyword at column 17 in [setTab(tab | any)] in 
C:/Users/alllllll/OneDrive/Desktop/╪د┘╪د╪«┘è╪▒/TradeFlow/src/app/features/settings/settings.component.html@20:23[0m 
[1m[35m[plugin angular-compiler][0m

    src/app/features/settings/settings.component.html:49:32:
[37m      49 ظ¤é ...   <input [(ngModel)]="[32msettings.firstName[37m" class="setting-input...
         ظـ╡                           [32m~~~~~~~~~~~~~~~~~~[0m

  Error occurs in the template of component SettingsComponent.

    src/app/features/settings/settings.component.ts:17:15:
[37m      17 ظ¤é   templateUrl: [32m'./settings.component.html'[37m
         ظـ╡                [32m~~~~~~~~~~~~~~~~~~~~~~~~~~~[0m


[31mX [41;31m[[41;97mERROR[41;31m][0m [1mNG5002: Parser Error: Cannot have a pipe in an action expression at 
column 14 in [setTab(tab | any)] in 
C:/Users/alllllll/OneDrive/Desktop/╪د┘╪د╪«┘è╪▒/TradeFlow/src/app/features/settings/settings.component.html@20:23[0m 
[1m[35m[plugin angular-compiler][0m

    src/app/features/settings/settings.component.html:53:32:
[37m      53 ظ¤é ...   <input [(ngModel)]="[32msettings.lastName[37m" class="setting-input"...
         ظـ╡                           [32m~~~~~~~~~~~~~~~~~[0m

  Error occurs in the template of component SettingsComponent.

    src/app/features/settings/settings.component.ts:17:15:
[37m      17 ظ¤é   templateUrl: [32m'./settings.component.html'[37m
         ظـ╡                [32m~~~~~~~~~~~~~~~~~~~~~~~~~~~[0m


[31mX [41;31m[[41;97mERROR[41;31m][0m [1mNG5002: Parser Error: Cannot have a pipe in an action expression at 
column 14 in [setTab(tab | any)] in 
C:/Users/alllllll/OneDrive/Desktop/╪د┘╪د╪«┘è╪▒/TradeFlow/src/app/features/settings/settings.component.html@20:23[0m 
[1m[35m[plugin angular-compiler][0m

    src/app/features/settings/settings.component.html:53:32:
[37m      53 ظ¤é ...   <input [(ngModel)]="[32msettings.lastName[37m" class="setting-input"...
         ظـ╡                           [32m~~~~~~~~~~~~~~~~~[0m

  Error occurs in the template of component SettingsComponent.

    src/app/features/settings/settings.component.ts:17:15:
[37m      17 ظ¤é   templateUrl: [32m'./settings.component.html'[37m
         ظـ╡                [32m~~~~~~~~~~~~~~~~~~~~~~~~~~~[0m


[31mX [41;31m[[41;97mERROR[41;31m][0m [1mNG5002: Parser Error: Unexpected token ), expected identifier or 
keyword at column 17 in [setTab(tab | any)] in 
C:/Users/alllllll/OneDrive/Desktop/╪د┘╪د╪«┘è╪▒/TradeFlow/src/app/features/settings/settings.component.html@20:23[0m 
[1m[35m[plugin angular-compiler][0m

    src/app/features/settings/settings.component.html:53:32:
[37m      53 ظ¤é ...   <input [(ngModel)]="[32msettings.lastName[37m" class="setting-input"...
         ظـ╡                           [32m~~~~~~~~~~~~~~~~~[0m

  Error occurs in the template of component SettingsComponent.

    src/app/features/settings/settings.component.ts:17:15:
[37m      17 ظ¤é   templateUrl: [32m'./settings.component.html'[37m
         ظـ╡                [32m~~~~~~~~~~~~~~~~~~~~~~~~~~~[0m


[31mX [41;31m[[41;97mERROR[41;31m][0m [1mNG5002: Parser Error: Unexpected token ), expected identifier or 
keyword at column 17 in [setTab(tab | any)] in 
C:/Users/alllllll/OneDrive/Desktop/╪د┘╪د╪«┘è╪▒/TradeFlow/src/app/features/settings/settings.component.html@20:23[0m 
[1m[35m[plugin angular-compiler][0m

    src/app/features/settings/settings.component.html:53:32:
[37m      53 ظ¤é ...   <input [(ngModel)]="[32msettings.lastName[37m" class="setting-input"...
         ظـ╡                           [32m~~~~~~~~~~~~~~~~~[0m

  Error occurs in the template of component SettingsComponent.

    src/app/features/settings/settings.component.ts:17:15:
[37m      17 ظ¤é   templateUrl: [32m'./settings.component.html'[37m
         ظـ╡                [32m~~~~~~~~~~~~~~~~~~~~~~~~~~~[0m


[31mX [41;31m[[41;97mERROR[41;31m][0m [1mNG5002: Parser Error: Cannot have a pipe in an action expression at 
column 14 in [setTab(tab | any)] in 
C:/Users/alllllll/OneDrive/Desktop/╪د┘╪د╪«┘è╪▒/TradeFlow/src/app/features/settings/settings.component.html@20:23[0m 
[1m[35m[plugin angular-compiler][0m

    src/app/features/settings/settings.component.html:57:32:
[37m      57 ظ¤é ...     <input [(ngModel)]="[32msettings.email[37m" class="setting-input" ...
         ظـ╡                             [32m~~~~~~~~~~~~~~[0m

  Error occurs in the template of component SettingsComponent.

    src/app/features/settings/settings.component.ts:17:15:
[37m      17 ظ¤é   templateUrl: [32m'./settings.component.html'[37m
         ظـ╡                [32m~~~~~~~~~~~~~~~~~~~~~~~~~~~[0m


[31mX [41;31m[[41;97mERROR[41;31m][0m [1mNG5002: Parser Error: Cannot have a pipe in an action expression at 
column 14 in [setTab(tab | any)] in 
C:/Users/alllllll/OneDrive/Desktop/╪د┘╪د╪«┘è╪▒/TradeFlow/src/app/features/settings/settings.component.html@20:23[0m 
[1m[35m[plugin angular-compiler][0m

    src/app/features/settings/settings.component.html:57:32:
[37m      57 ظ¤é ...     <input [(ngModel)]="[32msettings.email[37m" class="setting-input" ...
         ظـ╡                             [32m~~~~~~~~~~~~~~[0m

  Error occurs in the template of component SettingsComponent.

    src/app/features/settings/settings.component.ts:17:15:
[37m      17 ظ¤é   templateUrl: [32m'./settings.component.html'[37m
         ظـ╡                [32m~~~~~~~~~~~~~~~~~~~~~~~~~~~[0m


[31mX [41;31m[[41;97mERROR[41;31m][0m [1mNG5002: Parser Error: Unexpected token ), expected identifier or 
keyword at column 17 in [setTab(tab | any)] in 
C:/Users/alllllll/OneDrive/Desktop/╪د┘╪د╪«┘è╪▒/TradeFlow/src/app/features/settings/settings.component.html@20:23[0m 
[1m[35m[plugin angular-compiler][0m

    src/app/features/settings/settings.component.html:57:32:
[37m      57 ظ¤é ...     <input [(ngModel)]="[32msettings.email[37m" class="setting-input" ...
         ظـ╡                             [32m~~~~~~~~~~~~~~[0m

  Error occurs in the template of component SettingsComponent.

    src/app/features/settings/settings.component.ts:17:15:
[37m      17 ظ¤é   templateUrl: [32m'./settings.component.html'[37m
         ظـ╡                [32m~~~~~~~~~~~~~~~~~~~~~~~~~~~[0m


[31mX [41;31m[[41;97mERROR[41;31m][0m [1mNG5002: Parser Error: Unexpected token ), expected identifier or 
keyword at column 17 in [setTab(tab | any)] in 
C:/Users/alllllll/OneDrive/Desktop/╪د┘╪د╪«┘è╪▒/TradeFlow/src/app/features/settings/settings.component.html@20:23[0m 
[1m[35m[plugin angular-compiler][0m

    src/app/features/settings/settings.component.html:57:32:
[37m      57 ظ¤é ...     <input [(ngModel)]="[32msettings.email[37m" class="setting-input" ...
         ظـ╡                             [32m~~~~~~~~~~~~~~[0m

  Error occurs in the template of component SettingsComponent.

    src/app/features/settings/settings.component.ts:17:15:
[37m      17 ظ¤é   templateUrl: [32m'./settings.component.html'[37m
         ظـ╡                [32m~~~~~~~~~~~~~~~~~~~~~~~~~~~[0m


[31mX [41;31m[[41;97mERROR[41;31m][0m [1mNG5002: Parser Error: Cannot have a pipe in an action expression at 
column 14 in [setTab(tab | any)] in 
C:/Users/alllllll/OneDrive/Desktop/╪د┘╪د╪«┘è╪▒/TradeFlow/src/app/features/settings/settings.component.html@20:23[0m 
[1m[35m[plugin angular-compiler][0m

    src/app/features/settings/settings.component.html:61:25:
[37m      61 ظ¤é         <button (click)="[32msaveProfile()[37m" class="primary-btn">Save I...
         ظـ╡                          [32m~~~~~~~~~~~~~[0m

  Error occurs in the template of component SettingsComponent.

    src/app/features/settings/settings.component.ts:17:15:
[37m      17 ظ¤é   templateUrl: [32m'./settings.component.html'[37m
         ظـ╡                [32m~~~~~~~~~~~~~~~~~~~~~~~~~~~[0m


[31mX [41;31m[[41;97mERROR[41;31m][0m [1mNG5002: Parser Error: Unexpected token ), expected identifier or 
keyword at column 17 in [setTab(tab | any)] in 
C:/Users/alllllll/OneDrive/Desktop/╪د┘╪د╪«┘è╪▒/TradeFlow/src/app/features/settings/settings.component.html@20:23[0m 
[1m[35m[plugin angular-compiler][0m

    src/app/features/settings/settings.component.html:61:25:
[37m      61 ظ¤é         <button (click)="[32msaveProfile()[37m" class="primary-btn">Save I...
         ظـ╡                          [32m~~~~~~~~~~~~~[0m

  Error occurs in the template of component SettingsComponent.

    src/app/features/settings/settings.component.ts:17:15:
[37m      17 ظ¤é   templateUrl: [32m'./settings.component.html'[37m
         ظـ╡                [32m~~~~~~~~~~~~~~~~~~~~~~~~~~~[0m


[31mX [41;31m[[41;97mERROR[41;31m][0m [1mNG5002: Parser Error: Cannot have a pipe in an action expression at 
column 14 in [setTab(tab | any)] in 
C:/Users/alllllll/OneDrive/Desktop/╪د┘╪د╪«┘è╪▒/TradeFlow/src/app/features/settings/settings.component.html@20:23[0m 
[1m[35m[plugin angular-compiler][0m

    src/app/features/settings/settings.component.html:65:15:
[37m      65 ظ¤é       <section [32m*ngIf="activeTab === 'appearance'"[37m class="space-y-1...
         ظـ╡                [32m~~~~~~~~~~~~~~~~~~~~~~~~~~~~~~~~~~[0m

  Error occurs in the template of component SettingsComponent.

    src/app/features/settings/settings.component.ts:17:15:
[37m      17 ظ¤é   templateUrl: [32m'./settings.component.html'[37m
         ظـ╡                [32m~~~~~~~~~~~~~~~~~~~~~~~~~~~[0m


[31mX [41;31m[[41;97mERROR[41;31m][0m [1mNG5002: Parser Error: Unexpected token ), expected identifier or 
keyword at column 17 in [setTab(tab | any)] in 
C:/Users/alllllll/OneDrive/Desktop/╪د┘╪د╪«┘è╪▒/TradeFlow/src/app/features/settings/settings.component.html@20:23[0m 
[1m[35m[plugin angular-compiler][0m

    src/app/features/settings/settings.component.html:65:15:
[37m      65 ظ¤é       <section [32m*ngIf="activeTab === 'appearance'"[37m class="space-y-1...
         ظـ╡                [32m~~~~~~~~~~~~~~~~~~~~~~~~~~~~~~~~~~[0m

  Error occurs in the template of component SettingsComponent.

    src/app/features/settings/settings.component.ts:17:15:
[37m      17 ظ¤é   templateUrl: [32m'./settings.component.html'[37m
         ظـ╡                [32m~~~~~~~~~~~~~~~~~~~~~~~~~~~[0m


[31mX [41;31m[[41;97mERROR[41;31m][0m [1mNG5002: Parser Error: Cannot have a pipe in an action expression at 
column 14 in [setTab(tab | any)] in 
C:/Users/alllllll/OneDrive/Desktop/╪د┘╪د╪«┘è╪▒/TradeFlow/src/app/features/settings/settings.component.html@20:23[0m 
[1m[35m[plugin angular-compiler][0m

    src/app/features/settings/settings.component.html:67:18:
[37m      67 ظ¤é           <button [32m*ngFor="let t of themes"[37m
         ظـ╡                   [32m~~~~~~~~~~~~~~~~~~~~~~~~[0m

  Error occurs in the template of component SettingsComponent.

    src/app/features/settings/settings.component.ts:17:15:
[37m      17 ظ¤é   templateUrl: [32m'./settings.component.html'[37m
         ظـ╡                [32m~~~~~~~~~~~~~~~~~~~~~~~~~~~[0m


[31mX [41;31m[[41;97mERROR[41;31m][0m [1mNG5002: Parser Error: Unexpected token ), expected identifier or 
keyword at column 17 in [setTab(tab | any)] in 
C:/Users/alllllll/OneDrive/Desktop/╪د┘╪د╪«┘è╪▒/TradeFlow/src/app/features/settings/settings.component.html@20:23[0m 
[1m[35m[plugin angular-compiler][0m

    src/app/features/settings/settings.component.html:67:18:
[37m      67 ظ¤é           <button [32m*ngFor="let t of themes"[37m
         ظـ╡                   [32m~~~~~~~~~~~~~~~~~~~~~~~~[0m

  Error occurs in the template of component SettingsComponent.

    src/app/features/settings/settings.component.ts:17:15:
[37m      17 ظ¤é   templateUrl: [32m'./settings.component.html'[37m
         ظـ╡                [32m~~~~~~~~~~~~~~~~~~~~~~~~~~~[0m


[31mX [41;31m[[41;97mERROR[41;31m][0m [1mNG5002: Parser Error: Cannot have a pipe in an action expression at 
column 14 in [setTab(tab | any)] in 
C:/Users/alllllll/OneDrive/Desktop/╪د┘╪د╪«┘è╪▒/TradeFlow/src/app/features/settings/settings.component.html@20:23[0m 
[1m[35m[plugin angular-compiler][0m

    src/app/features/settings/settings.component.html:68:27:
[37m      68 ظ¤é                   (click)="[32msetTheme(t.id)[37m"
         ظـ╡                            [32m~~~~~~~~~~~~~~[0m

  Error occurs in the template of component SettingsComponent.

    src/app/features/settings/settings.component.ts:17:15:
[37m      17 ظ¤é   templateUrl: [32m'./settings.component.html'[37m
         ظـ╡                [32m~~~~~~~~~~~~~~~~~~~~~~~~~~~[0m


[31mX [41;31m[[41;97mERROR[41;31m][0m [1mNG5002: Parser Error: Unexpected token ), expected identifier or 
keyword at column 17 in [setTab(tab | any)] in 
C:/Users/alllllll/OneDrive/Desktop/╪د┘╪د╪«┘è╪▒/TradeFlow/src/app/features/settings/settings.component.html@20:23[0m 
[1m[35m[plugin angular-compiler][0m

    src/app/features/settings/settings.component.html:68:27:
[37m      68 ظ¤é                   (click)="[32msetTheme(t.id)[37m"
         ظـ╡                            [32m~~~~~~~~~~~~~~[0m

  Error occurs in the template of component SettingsComponent.

    src/app/features/settings/settings.component.ts:17:15:
[37m      17 ظ¤é   templateUrl: [32m'./settings.component.html'[37m
         ظـ╡                [32m~~~~~~~~~~~~~~~~~~~~~~~~~~~[0m


[31mX [41;31m[[41;97mERROR[41;31m][0m [1mNG5002: Parser Error: Cannot have a pipe in an action expression at 
column 14 in [setTab(tab | any)] in 
C:/Users/alllllll/OneDrive/Desktop/╪د┘╪د╪«┘è╪▒/TradeFlow/src/app/features/settings/settings.component.html@20:23[0m 
[1m[35m[plugin angular-compiler][0m

    src/app/features/settings/settings.component.html:70:40:
[37m      70 ظ¤é ...r-color]="[32msettings.theme === t.id ? 'var(--theme-accent)' : 'tr[37m...
         ظـ╡              [32m~~~~~~~~~~~~~~~~~~~~~~~~~~~~~~~~~~~~~~~~~~~~~~~~~~~~~[0m

  Error occurs in the template of component SettingsComponent.

    src/app/features/settings/settings.component.ts:17:15:
[37m      17 ظ¤é   templateUrl: [32m'./settings.component.html'[37m
         ظـ╡                [32m~~~~~~~~~~~~~~~~~~~~~~~~~~~[0m


[31mX [41;31m[[41;97mERROR[41;31m][0m [1mNG5002: Parser Error: Unexpected token ), expected identifier or 
keyword at column 17 in [setTab(tab | any)] in 
C:/Users/alllllll/OneDrive/Desktop/╪د┘╪د╪«┘è╪▒/TradeFlow/src/app/features/settings/settings.component.html@20:23[0m 
[1m[35m[plugin angular-compiler][0m

    src/app/features/settings/settings.component.html:70:40:
[37m      70 ظ¤é ...r-color]="[32msettings.theme === t.id ? 'var(--theme-accent)' : 'tr[37m...
         ظـ╡              [32m~~~~~~~~~~~~~~~~~~~~~~~~~~~~~~~~~~~~~~~~~~~~~~~~~~~~~[0m

  Error occurs in the template of component SettingsComponent.

    src/app/features/settings/settings.component.ts:17:15:
[37m      17 ظ¤é   templateUrl: [32m'./settings.component.html'[37m
         ظـ╡                [32m~~~~~~~~~~~~~~~~~~~~~~~~~~~[0m


[31mX [41;31m[[41;97mERROR[41;31m][0m [1mNG5002: Parser Error: Cannot have a pipe in an action expression at 
column 14 in [setTab(tab | any)] in 
C:/Users/alllllll/OneDrive/Desktop/╪د┘╪د╪«┘è╪▒/TradeFlow/src/app/features/settings/settings.component.html@20:23[0m 
[1m[35m[plugin angular-compiler][0m

    src/app/features/settings/settings.component.html:71:138:
[37m      71 ظ¤é ...ransform group-hover:scale-[1.02]" [style.background]="[32mt.preview[37m">
         ظـ╡                                                           [32m~~~~~~~~~[0m

  Error occurs in the template of component SettingsComponent.

    src/app/features/settings/settings.component.ts:17:15:
[37m      17 ظ¤é   templateUrl: [32m'./settings.component.html'[37m
         ظـ╡                [32m~~~~~~~~~~~~~~~~~~~~~~~~~~~[0m


[31mX [41;31m[[41;97mERROR[41;31m][0m [1mNG5002: Parser Error: Unexpected token ), expected identifier or 
keyword at column 17 in [setTab(tab | any)] in 
C:/Users/alllllll/OneDrive/Desktop/╪د┘╪د╪«┘è╪▒/TradeFlow/src/app/features/settings/settings.component.html@20:23[0m 
[1m[35m[plugin angular-compiler][0m

    src/app/features/settings/settings.component.html:71:138:
[37m      71 ظ¤é ...ransform group-hover:scale-[1.02]" [style.background]="[32mt.preview[37m">
         ظـ╡                                                           [32m~~~~~~~~~[0m

  Error occurs in the template of component SettingsComponent.

    src/app/features/settings/settings.component.ts:17:15:
[37m      17 ظ¤é   templateUrl: [32m'./settings.component.html'[37m
         ظـ╡                [32m~~~~~~~~~~~~~~~~~~~~~~~~~~~[0m


[31mX [41;31m[[41;97mERROR[41;31m][0m [1mNG5002: Parser Error: Cannot have a pipe in an action expression at 
column 14 in [setTab(tab | any)] in 
C:/Users/alllllll/OneDrive/Desktop/╪د┘╪د╪«┘è╪▒/TradeFlow/src/app/features/settings/settings.component.html@20:23[0m 
[1m[35m[plugin angular-compiler][0m

    src/app/features/settings/settings.component.html:73:16:
[37m      73 ظ¤é                 [32m{{ t.label }}[37m
         ظـ╡                 [32m~~~~~~~~~~~~~[0m

  Error occurs in the template of component SettingsComponent.

    src/app/features/settings/settings.component.ts:17:15:
[37m      17 ظ¤é   templateUrl: [32m'./settings.component.html'[37m
         ظـ╡                [32m~~~~~~~~~~~~~~~~~~~~~~~~~~~[0m


[31mX [41;31m[[41;97mERROR[41;31m][0m [1mNG5002: Parser Error: Unexpected token ), expected identifier or 
keyword at column 17 in [setTab(tab | any)] in 
C:/Users/alllllll/OneDrive/Desktop/╪د┘╪د╪«┘è╪▒/TradeFlow/src/app/features/settings/settings.component.html@20:23[0m 
[1m[35m[plugin angular-compiler][0m

    src/app/features/settings/settings.component.html:73:16:
[37m      73 ظ¤é                 [32m{{ t.label }}[37m
         ظـ╡                 [32m~~~~~~~~~~~~~[0m

  Error occurs in the template of component SettingsComponent.

    src/app/features/settings/settings.component.ts:17:15:
[37m      17 ظ¤é   templateUrl: [32m'./settings.component.html'[37m
         ظـ╡                [32m~~~~~~~~~~~~~~~~~~~~~~~~~~~[0m


[31mX [41;31m[[41;97mERROR[41;31m][0m [1mNG5002: Parser Error: Cannot have a pipe in an action expression at 
column 14 in [setTab(tab | any)] in 
C:/Users/alllllll/OneDrive/Desktop/╪د┘╪د╪«┘è╪▒/TradeFlow/src/app/features/settings/settings.component.html@20:23[0m 
[1m[35m[plugin angular-compiler][0m

    src/app/features/settings/settings.component.html:76:17:
[37m      76 ظ¤é             <div [32m*ngIf="settings.theme === t.id"[37m class="absolute t...
         ظـ╡                  [32m~~~~~~~~~~~~~~~~~~~~~~~~~~~~~~~[0m

  Error occurs in the template of component SettingsComponent.

    src/app/features/settings/settings.component.ts:17:15:
[37m      17 ظ¤é   templateUrl: [32m'./settings.component.html'[37m
         ظـ╡                [32m~~~~~~~~~~~~~~~~~~~~~~~~~~~[0m


[31mX [41;31m[[41;97mERROR[41;31m][0m [1mNG5002: Parser Error: Unexpected token ), expected identifier or 
keyword at column 17 in [setTab(tab | any)] in 
C:/Users/alllllll/OneDrive/Desktop/╪د┘╪د╪«┘è╪▒/TradeFlow/src/app/features/settings/settings.component.html@20:23[0m 
[1m[35m[plugin angular-compiler][0m

    src/app/features/settings/settings.component.html:76:17:
[37m      76 ظ¤é             <div [32m*ngIf="settings.theme === t.id"[37m class="absolute t...
         ظـ╡                  [32m~~~~~~~~~~~~~~~~~~~~~~~~~~~~~~~[0m

  Error occurs in the template of component SettingsComponent.

    src/app/features/settings/settings.component.ts:17:15:
[37m      17 ظ¤é   templateUrl: [32m'./settings.component.html'[37m
         ظـ╡                [32m~~~~~~~~~~~~~~~~~~~~~~~~~~~[0m


[31mX [41;31m[[41;97mERROR[41;31m][0m [1mNG5002: Parser Error: Cannot have a pipe in an action expression at 
column 14 in [setTab(tab | any)] in 
C:/Users/alllllll/OneDrive/Desktop/╪د┘╪د╪«┘è╪▒/TradeFlow/src/app/features/settings/settings.component.html@20:23[0m 
[1m[35m[plugin angular-compiler][0m

    src/app/features/settings/settings.component.html:77:37:
[37m      77 ظ¤é ...   <lucide-angular [img]="[32micons.Check[37m" class="w-3 h-3"></lucide...
         ظـ╡                              [32m~~~~~~~~~~~[0m

  Error occurs in the template of component SettingsComponent.

    src/app/features/settings/settings.component.ts:17:15:
[37m      17 ظ¤é   templateUrl: [32m'./settings.component.html'[37m
         ظـ╡                [32m~~~~~~~~~~~~~~~~~~~~~~~~~~~[0m


[31mX [41;31m[[41;97mERROR[41;31m][0m [1mNG5002: Parser Error: Unexpected token ), expected identifier or 
keyword at column 17 in [setTab(tab | any)] in 
C:/Users/alllllll/OneDrive/Desktop/╪د┘╪د╪«┘è╪▒/TradeFlow/src/app/features/settings/settings.component.html@20:23[0m 
[1m[35m[plugin angular-compiler][0m

    src/app/features/settings/settings.component.html:77:37:
[37m      77 ظ¤é ...   <lucide-angular [img]="[32micons.Check[37m" class="w-3 h-3"></lucide...
         ظـ╡                              [32m~~~~~~~~~~~[0m

  Error occurs in the template of component SettingsComponent.

    src/app/features/settings/settings.component.ts:17:15:
[37m      17 ظ¤é   templateUrl: [32m'./settings.component.html'[37m
         ظـ╡                [32m~~~~~~~~~~~~~~~~~~~~~~~~~~~[0m


[31mX [41;31m[[41;97mERROR[41;31m][0m [1mNG5002: Parser Error: Cannot have a pipe in an action expression at 
column 14 in [setTab(tab | any)] in 
C:/Users/alllllll/OneDrive/Desktop/╪د┘╪د╪«┘è╪▒/TradeFlow/src/app/features/settings/settings.component.html@20:23[0m 
[1m[35m[plugin angular-compiler][0m

    src/app/features/settings/settings.component.html:84:15:
[37m      84 ظ¤é       <section [32m*ngIf="activeTab === 'language'"[37m class="space-y-8 a...
         ظـ╡                [32m~~~~~~~~~~~~~~~~~~~~~~~~~~~~~~~~[0m

  Error occurs in the template of component SettingsComponent.

    src/app/features/settings/settings.component.ts:17:15:
[37m      17 ظ¤é   templateUrl: [32m'./settings.component.html'[37m
         ظـ╡                [32m~~~~~~~~~~~~~~~~~~~~~~~~~~~[0m


[31mX [41;31m[[41;97mERROR[41;31m][0m [1mNG5002: Parser Error: Unexpected token ), expected identifier or 
keyword at column 17 in [setTab(tab | any)] in 
C:/Users/alllllll/OneDrive/Desktop/╪د┘╪د╪«┘è╪▒/TradeFlow/src/app/features/settings/settings.component.html@20:23[0m 
[1m[35m[plugin angular-compiler][0m

    src/app/features/settings/settings.component.html:84:15:
[37m      84 ظ¤é       <section [32m*ngIf="activeTab === 'language'"[37m class="space-y-8 a...
         ظـ╡                [32m~~~~~~~~~~~~~~~~~~~~~~~~~~~~~~~~[0m

  Error occurs in the template of component SettingsComponent.

    src/app/features/settings/settings.component.ts:17:15:
[37m      17 ظ¤é   templateUrl: [32m'./settings.component.html'[37m
         ظـ╡                [32m~~~~~~~~~~~~~~~~~~~~~~~~~~~[0m


[31mX [41;31m[[41;97mERROR[41;31m][0m [1mNG5002: Parser Error: Cannot have a pipe in an action expression at 
column 14 in [setTab(tab | any)] in 
C:/Users/alllllll/OneDrive/Desktop/╪د┘╪د╪«┘è╪▒/TradeFlow/src/app/features/settings/settings.component.html@20:23[0m 
[1m[35m[plugin angular-compiler][0m

    src/app/features/settings/settings.component.html:86:18:
[37m      86 ظ¤é           <button [32m*ngFor="let lang of languages"[37m
         ظـ╡                   [32m~~~~~~~~~~~~~~~~~~~~~~~~~~~~~~[0m

  Error occurs in the template of component SettingsComponent.

    src/app/features/settings/settings.component.ts:17:15:
[37m      17 ظ¤é   templateUrl: [32m'./settings.component.html'[37m
         ظـ╡                [32m~~~~~~~~~~~~~~~~~~~~~~~~~~~[0m


[31mX [41;31m[[41;97mERROR[41;31m][0m [1mNG5002: Parser Error: Unexpected token ), expected identifier or 
keyword at column 17 in [setTab(tab | any)] in 
C:/Users/alllllll/OneDrive/Desktop/╪د┘╪د╪«┘è╪▒/TradeFlow/src/app/features/settings/settings.component.html@20:23[0m 
[1m[35m[plugin angular-compiler][0m

    src/app/features/settings/settings.component.html:86:18:
[37m      86 ظ¤é           <button [32m*ngFor="let lang of languages"[37m
         ظـ╡                   [32m~~~~~~~~~~~~~~~~~~~~~~~~~~~~~~[0m

  Error occurs in the template of component SettingsComponent.

    src/app/features/settings/settings.component.ts:17:15:
[37m      17 ظ¤é   templateUrl: [32m'./settings.component.html'[37m
         ظـ╡                [32m~~~~~~~~~~~~~~~~~~~~~~~~~~~[0m


[31mX [41;31m[[41;97mERROR[41;31m][0m [1mNG9: Property 'languages' does not exist on type 
'SettingsComponent'.[0m [1m[35m[plugin angular-compiler][0m

    src/app/features/settings/settings.component.html:86:38:
[37m      86 ظ¤é           <button *ngFor="let lang of [32mlanguages[37m"
         ظـ╡                                       [32m~~~~~~~~~[0m

  Error occurs in the template of component SettingsComponent.

    src/app/features/settings/settings.component.ts:17:15:
[37m      17 ظ¤é   templateUrl: [32m'./settings.component.html'[37m
         ظـ╡                [32m~~~~~~~~~~~~~~~~~~~~~~~~~~~[0m


[31mX [41;31m[[41;97mERROR[41;31m][0m [1mNG5002: Parser Error: Cannot have a pipe in an action expression at 
column 14 in [setTab(tab | any)] in 
C:/Users/alllllll/OneDrive/Desktop/╪د┘╪د╪«┘è╪▒/TradeFlow/src/app/features/settings/settings.component.html@20:23[0m 
[1m[35m[plugin angular-compiler][0m

    src/app/features/settings/settings.component.html:87:27:
[37m      87 ظ¤é                   (click)="[32msetLanguage(lang.code)[37m"
         ظـ╡                            [32m~~~~~~~~~~~~~~~~~~~~~~[0m

  Error occurs in the template of component SettingsComponent.

    src/app/features/settings/settings.component.ts:17:15:
[37m      17 ظ¤é   templateUrl: [32m'./settings.component.html'[37m
         ظـ╡                [32m~~~~~~~~~~~~~~~~~~~~~~~~~~~[0m


[31mX [41;31m[[41;97mERROR[41;31m][0m [1mNG5002: Parser Error: Unexpected token ), expected identifier or 
keyword at column 17 in [setTab(tab | any)] in 
C:/Users/alllllll/OneDrive/Desktop/╪د┘╪د╪«┘è╪▒/TradeFlow/src/app/features/settings/settings.component.html@20:23[0m 
[1m[35m[plugin angular-compiler][0m

    src/app/features/settings/settings.component.html:87:27:
[37m      87 ظ¤é                   (click)="[32msetLanguage(lang.code)[37m"
         ظـ╡                            [32m~~~~~~~~~~~~~~~~~~~~~~[0m

  Error occurs in the template of component SettingsComponent.

    src/app/features/settings/settings.component.ts:17:15:
[37m      17 ظ¤é   templateUrl: [32m'./settings.component.html'[37m
         ظـ╡                [32m~~~~~~~~~~~~~~~~~~~~~~~~~~~[0m


[31mX [41;31m[[41;97mERROR[41;31m][0m [1mNG5002: Parser Error: Cannot have a pipe in an action expression at 
column 14 in [setTab(tab | any)] in 
C:/Users/alllllll/OneDrive/Desktop/╪د┘╪د╪«┘è╪▒/TradeFlow/src/app/features/settings/settings.component.html@20:23[0m 
[1m[35m[plugin angular-compiler][0m

    src/app/features/settings/settings.component.html:89:40:
[37m      89 ظ¤é ...r-color]="[32mi18n.currentLang === lang.code ? 'var(--theme-accent)[37m...
         ظـ╡              [32m~~~~~~~~~~~~~~~~~~~~~~~~~~~~~~~~~~~~~~~~~~~~~~~~~~~~~[0m

  Error occurs in the template of component SettingsComponent.

    src/app/features/settings/settings.component.ts:17:15:
[37m      17 ظ¤é   templateUrl: [32m'./settings.component.html'[37m
         ظـ╡                [32m~~~~~~~~~~~~~~~~~~~~~~~~~~~[0m


[31mX [41;31m[[41;97mERROR[41;31m][0m [1mNG5002: Parser Error: Unexpected token ), expected identifier or 
keyword at column 17 in [setTab(tab | any)] in 
C:/Users/alllllll/OneDrive/Desktop/╪د┘╪د╪«┘è╪▒/TradeFlow/src/app/features/settings/settings.component.html@20:23[0m 
[1m[35m[plugin angular-compiler][0m

    src/app/features/settings/settings.component.html:89:40:
[37m      89 ظ¤é ...r-color]="[32mi18n.currentLang === lang.code ? 'var(--theme-accent)[37m...
         ظـ╡              [32m~~~~~~~~~~~~~~~~~~~~~~~~~~~~~~~~~~~~~~~~~~~~~~~~~~~~~[0m

  Error occurs in the template of component SettingsComponent.

    src/app/features/settings/settings.component.ts:17:15:
[37m      17 ظ¤é   templateUrl: [32m'./settings.component.html'[37m
         ظـ╡                [32m~~~~~~~~~~~~~~~~~~~~~~~~~~~[0m


[31mX [41;31m[[41;97mERROR[41;31m][0m [1mNG5002: Parser Error: Cannot have a pipe in an action expression at 
column 14 in [setTab(tab | any)] in 
C:/Users/alllllll/OneDrive/Desktop/╪د┘╪د╪«┘è╪▒/TradeFlow/src/app/features/settings/settings.component.html@20:23[0m 
[1m[35m[plugin angular-compiler][0m

    src/app/features/settings/settings.component.html:91:37:
[37m      91 ظ¤é               <span class="text-3xl">[32m{{ lang.flag }}[37m</span>
         ظـ╡                                      [32m~~~~~~~~~~~~~~~[0m

  Error occurs in the template of component SettingsComponent.

    src/app/features/settings/settings.component.ts:17:15:
[37m      17 ظ¤é   templateUrl: [32m'./settings.component.html'[37m
         ظـ╡                [32m~~~~~~~~~~~~~~~~~~~~~~~~~~~[0m


[31mX [41;31m[[41;97mERROR[41;31m][0m [1mNG5002: Parser Error: Unexpected token ), expected identifier or 
keyword at column 17 in [setTab(tab | any)] in 
C:/Users/alllllll/OneDrive/Desktop/╪د┘╪د╪«┘è╪▒/TradeFlow/src/app/features/settings/settings.component.html@20:23[0m 
[1m[35m[plugin angular-compiler][0m

    src/app/features/settings/settings.component.html:91:37:
[37m      91 ظ¤é               <span class="text-3xl">[32m{{ lang.flag }}[37m</span>
         ظـ╡                                      [32m~~~~~~~~~~~~~~~[0m

  Error occurs in the template of component SettingsComponent.

    src/app/features/settings/settings.component.ts:17:15:
[37m      17 ظ¤é   templateUrl: [32m'./settings.component.html'[37m
         ظـ╡                [32m~~~~~~~~~~~~~~~~~~~~~~~~~~~[0m


[31mX [41;31m[[41;97mERROR[41;31m][0m [1mNG5002: Parser Error: Cannot have a pipe in an action expression at 
column 14 in [setTab(tab | any)] in 
C:/Users/alllllll/OneDrive/Desktop/╪د┘╪د╪«┘è╪▒/TradeFlow/src/app/features/settings/settings.component.html@20:23[0m 
[1m[35m[plugin angular-compiler][0m

    src/app/features/settings/settings.component.html:93:72:
[37m      93 ظ¤é ...text-xs font-black uppercase tracking-widest">[32m{{ lang.label }}[37m</p>
         ظـ╡                                                  [32m~~~~~~~~~~~~~~~~[0m

  Error occurs in the template of component SettingsComponent.

    src/app/features/settings/settings.component.ts:17:15:
[37m      17 ظ¤é   templateUrl: [32m'./settings.component.html'[37m
         ظـ╡                [32m~~~~~~~~~~~~~~~~~~~~~~~~~~~[0m


[31mX [41;31m[[41;97mERROR[41;31m][0m [1mNG5002: Parser Error: Unexpected token ), expected identifier or 
keyword at column 17 in [setTab(tab | any)] in 
C:/Users/alllllll/OneDrive/Desktop/╪د┘╪د╪«┘è╪▒/TradeFlow/src/app/features/settings/settings.component.html@20:23[0m 
[1m[35m[plugin angular-compiler][0m

    src/app/features/settings/settings.component.html:93:72:
[37m      93 ظ¤é ...text-xs font-black uppercase tracking-widest">[32m{{ lang.label }}[37m</p>
         ظـ╡                                                  [32m~~~~~~~~~~~~~~~~[0m

  Error occurs in the template of component SettingsComponent.

    src/app/features/settings/settings.component.ts:17:15:
[37m      17 ظ¤é   templateUrl: [32m'./settings.component.html'[37m
         ظـ╡                [32m~~~~~~~~~~~~~~~~~~~~~~~~~~~[0m


[31mX [41;31m[[41;97mERROR[41;31m][0m [1mNG5002: Parser Error: Cannot have a pipe in an action expression at 
column 14 in [setTab(tab | any)] in 
C:/Users/alllllll/OneDrive/Desktop/╪د┘╪د╪«┘è╪▒/TradeFlow/src/app/features/settings/settings.component.html@20:23[0m 
[1m[35m[plugin angular-compiler][0m

    src/app/features/settings/settings.component.html:94:80:
[37m      94 ظ¤é ...x] font-bold text-white/30 uppercase mt-0.5">[32m{{ lang.native }}[37m</p>
         ظـ╡                                                 [32m~~~~~~~~~~~~~~~~~[0m

  Error occurs in the template of component SettingsComponent.

    src/app/features/settings/settings.component.ts:17:15:
[37m      17 ظ¤é   templateUrl: [32m'./settings.component.html'[37m
         ظـ╡                [32m~~~~~~~~~~~~~~~~~~~~~~~~~~~[0m


[31mX [41;31m[[41;97mERROR[41;31m][0m [1mNG5002: Parser Error: Unexpected token ), expected identifier or 
keyword at column 17 in [setTab(tab | any)] in 
C:/Users/alllllll/OneDrive/Desktop/╪د┘╪د╪«┘è╪▒/TradeFlow/src/app/features/settings/settings.component.html@20:23[0m 
[1m[35m[plugin angular-compiler][0m

    src/app/features/settings/settings.component.html:94:80:
[37m      94 ظ¤é ...x] font-bold text-white/30 uppercase mt-0.5">[32m{{ lang.native }}[37m</p>
         ظـ╡                                                 [32m~~~~~~~~~~~~~~~~~[0m

  Error occurs in the template of component SettingsComponent.

    src/app/features/settings/settings.component.ts:17:15:
[37m      17 ظ¤é   templateUrl: [32m'./settings.component.html'[37m
         ظـ╡                [32m~~~~~~~~~~~~~~~~~~~~~~~~~~~[0m


[31mX [41;31m[[41;97mERROR[41;31m][0m [1mNG5002: Parser Error: Cannot have a pipe in an action expression at 
column 14 in [setTab(tab | any)] in 
C:/Users/alllllll/OneDrive/Desktop/╪د┘╪د╪«┘è╪▒/TradeFlow/src/app/features/settings/settings.component.html@20:23[0m 
[1m[35m[plugin angular-compiler][0m

    src/app/features/settings/settings.component.html:97:28:
[37m      97 ظ¤é ...cide-angular [32m*ngIf="i18n.currentLang === lang.code"[37m [img]="icon...
         ظـ╡                 [32m~~~~~~~~~~~~~~~~~~~~~~~~~~~~~~~~~~~~~~[0m

  Error occurs in the template of component SettingsComponent.

    src/app/features/settings/settings.component.ts:17:15:
[37m      17 ظ¤é   templateUrl: [32m'./settings.component.html'[37m
         ظـ╡                [32m~~~~~~~~~~~~~~~~~~~~~~~~~~~[0m


[31mX [41;31m[[41;97mERROR[41;31m][0m [1mNG5002: Parser Error: Unexpected token ), expected identifier or 
keyword at column 17 in [setTab(tab | any)] in 
C:/Users/alllllll/OneDrive/Desktop/╪د┘╪د╪«┘è╪▒/TradeFlow/src/app/features/settings/settings.component.html@20:23[0m 
[1m[35m[plugin angular-compiler][0m

    src/app/features/settings/settings.component.html:97:28:
[37m      97 ظ¤é ...cide-angular [32m*ngIf="i18n.currentLang === lang.code"[37m [img]="icon...
         ظـ╡                 [32m~~~~~~~~~~~~~~~~~~~~~~~~~~~~~~~~~~~~~~[0m

  Error occurs in the template of component SettingsComponent.

    src/app/features/settings/settings.component.ts:17:15:
[37m      17 ظ¤é   templateUrl: [32m'./settings.component.html'[37m
         ظـ╡                [32m~~~~~~~~~~~~~~~~~~~~~~~~~~~[0m


[31mX [41;31m[[41;97mERROR[41;31m][0m [1mNG5002: Parser Error: Cannot have a pipe in an action expression at 
column 14 in [setTab(tab | any)] in 
C:/Users/alllllll/OneDrive/Desktop/╪د┘╪د╪«┘è╪▒/TradeFlow/src/app/features/settings/settings.component.html@20:23[0m 
[1m[35m[plugin angular-compiler][0m

    src/app/features/settings/settings.component.html:97:74:
[37m      97 ظ¤é ...ang === lang.code" [img]="[32micons.Check[37m" class="w-5 h-5 text-var(...
         ظـ╡                              [32m~~~~~~~~~~~[0m

  Error occurs in the template of component SettingsComponent.

    src/app/features/settings/settings.component.ts:17:15:
[37m      17 ظ¤é   templateUrl: [32m'./settings.component.html'[37m
         ظـ╡                [32m~~~~~~~~~~~~~~~~~~~~~~~~~~~[0m


[31mX [41;31m[[41;97mERROR[41;31m][0m [1mNG5002: Parser Error: Unexpected token ), expected identifier or 
keyword at column 17 in [setTab(tab | any)] in 
C:/Users/alllllll/OneDrive/Desktop/╪د┘╪د╪«┘è╪▒/TradeFlow/src/app/features/settings/settings.component.html@20:23[0m 
[1m[35m[plugin angular-compiler][0m

    src/app/features/settings/settings.component.html:97:74:
[37m      97 ظ¤é ...ang === lang.code" [img]="[32micons.Check[37m" class="w-5 h-5 text-var(...
         ظـ╡                              [32m~~~~~~~~~~~[0m

  Error occurs in the template of component SettingsComponent.

    src/app/features/settings/settings.component.ts:17:15:
[37m      17 ظ¤é   templateUrl: [32m'./settings.component.html'[37m
         ظـ╡                [32m~~~~~~~~~~~~~~~~~~~~~~~~~~~[0m


[31mX [41;31m[[41;97mERROR[41;31m][0m [1mNG5002: Parser Error: Cannot have a pipe in an action expression at 
column 14 in [setTab(tab | any)] in 
C:/Users/alllllll/OneDrive/Desktop/╪د┘╪د╪«┘è╪▒/TradeFlow/src/app/features/settings/settings.component.html@20:23[0m 
[1m[35m[plugin angular-compiler][0m

    src/app/features/settings/settings.component.html:103:15:
[37m      103 ظ¤é       <section [32m*ngIf="activeTab === 'accounts'"[37m class="space-y-8 ...
          ظـ╡                [32m~~~~~~~~~~~~~~~~~~~~~~~~~~~~~~~~[0m

  Error occurs in the template of component SettingsComponent.

    src/app/features/settings/settings.component.ts:17:15:
[37m      17 ظ¤é   templateUrl: [32m'./settings.component.html'[37m
         ظـ╡                [32m~~~~~~~~~~~~~~~~~~~~~~~~~~~[0m


[31mX [41;31m[[41;97mERROR[41;31m][0m [1mNG5002: Parser Error: Unexpected token ), expected identifier or 
keyword at column 17 in [setTab(tab | any)] in 
C:/Users/alllllll/OneDrive/Desktop/╪د┘╪د╪«┘è╪▒/TradeFlow/src/app/features/settings/settings.component.html@20:23[0m 
[1m[35m[plugin angular-compiler][0m

    src/app/features/settings/settings.component.html:103:15:
[37m      103 ظ¤é       <section [32m*ngIf="activeTab === 'accounts'"[37m class="space-y-8 ...
          ظـ╡                [32m~~~~~~~~~~~~~~~~~~~~~~~~~~~~~~~~[0m

  Error occurs in the template of component SettingsComponent.

    src/app/features/settings/settings.component.ts:17:15:
[37m      17 ظ¤é   templateUrl: [32m'./settings.component.html'[37m
         ظـ╡                [32m~~~~~~~~~~~~~~~~~~~~~~~~~~~[0m


[31mX [41;31m[[41;97mERROR[41;31m][0m [1mNG5002: Parser Error: Cannot have a pipe in an action expression at 
column 14 in [setTab(tab | any)] in 
C:/Users/alllllll/OneDrive/Desktop/╪د┘╪د╪«┘è╪▒/TradeFlow/src/app/features/settings/settings.component.html@20:23[0m 
[1m[35m[plugin angular-compiler][0m

    src/app/features/settings/settings.component.html:106:27:
[37m      106 ظ¤é ...      <button (click)="[32mopenAddAccount()[37m" class="flex items-cen...
          ظـ╡                           [32m~~~~~~~~~~~~~~~~[0m

  Error occurs in the template of component SettingsComponent.

    src/app/features/settings/settings.component.ts:17:15:
[37m      17 ظ¤é   templateUrl: [32m'./settings.component.html'[37m
         ظـ╡                [32m~~~~~~~~~~~~~~~~~~~~~~~~~~~[0m


[31mX [41;31m[[41;97mERROR[41;31m][0m [1mNG5002: Parser Error: Unexpected token ), expected identifier or 
keyword at column 17 in [setTab(tab | any)] in 
C:/Users/alllllll/OneDrive/Desktop/╪د┘╪د╪«┘è╪▒/TradeFlow/src/app/features/settings/settings.component.html@20:23[0m 
[1m[35m[plugin angular-compiler][0m

    src/app/features/settings/settings.component.html:106:27:
[37m      106 ظ¤é ...      <button (click)="[32mopenAddAccount()[37m" class="flex items-cen...
          ظـ╡                           [32m~~~~~~~~~~~~~~~~[0m

  Error occurs in the template of component SettingsComponent.

    src/app/features/settings/settings.component.ts:17:15:
[37m      17 ظ¤é   templateUrl: [32m'./settings.component.html'[37m
         ظـ╡                [32m~~~~~~~~~~~~~~~~~~~~~~~~~~~[0m


[31mX [41;31m[[41;97mERROR[41;31m][0m [1mNG5002: Parser Error: Cannot have a pipe in an action expression at 
column 14 in [setTab(tab | any)] in 
C:/Users/alllllll/OneDrive/Desktop/╪د┘╪د╪«┘è╪▒/TradeFlow/src/app/features/settings/settings.component.html@20:23[0m 
[1m[35m[plugin angular-compiler][0m

    src/app/features/settings/settings.component.html:107:35:
[37m      107 ظ¤é ...   <lucide-angular [img]="[32micons.Plus[37m" class="w-4 h-4"></lucide...
          ظـ╡                              [32m~~~~~~~~~~[0m

  Error occurs in the template of component SettingsComponent.

    src/app/features/settings/settings.component.ts:17:15:
[37m      17 ظ¤é   templateUrl: [32m'./settings.component.html'[37m
         ظـ╡                [32m~~~~~~~~~~~~~~~~~~~~~~~~~~~[0m


[31mX [41;31m[[41;97mERROR[41;31m][0m [1mNG5002: Parser Error: Unexpected token ), expected identifier or 
keyword at column 17 in [setTab(tab | any)] in 
C:/Users/alllllll/OneDrive/Desktop/╪د┘╪د╪«┘è╪▒/TradeFlow/src/app/features/settings/settings.component.html@20:23[0m 
[1m[35m[plugin angular-compiler][0m

    src/app/features/settings/settings.component.html:107:35:
[37m      107 ظ¤é ...   <lucide-angular [img]="[32micons.Plus[37m" class="w-4 h-4"></lucide...
          ظـ╡                              [32m~~~~~~~~~~[0m

  Error occurs in the template of component SettingsComponent.

    src/app/features/settings/settings.component.ts:17:15:
[37m      17 ظ¤é   templateUrl: [32m'./settings.component.html'[37m
         ظـ╡                [32m~~~~~~~~~~~~~~~~~~~~~~~~~~~[0m


[31mX [41;31m[[41;97mERROR[41;31m][0m [1mNG5002: Parser Error: Cannot have a pipe in an action expression at 
column 14 in [setTab(tab | any)] in 
C:/Users/alllllll/OneDrive/Desktop/╪د┘╪د╪«┘è╪▒/TradeFlow/src/app/features/settings/settings.component.html@20:23[0m 
[1m[35m[plugin angular-compiler][0m

    src/app/features/settings/settings.component.html:113:15:
[37m      113 ظ¤é           <div [32m*ngFor="let acc of accounts$ | async"[37m
          ظـ╡                [32m~~~~~~~~~~~~~~~~~~~~~~~~~~~~~~~~~~~~~[0m

  Error occurs in the template of component SettingsComponent.

    src/app/features/settings/settings.component.ts:17:15:
[37m      17 ظ¤é   templateUrl: [32m'./settings.component.html'[37m
         ظـ╡                [32m~~~~~~~~~~~~~~~~~~~~~~~~~~~[0m


[31mX [41;31m[[41;97mERROR[41;31m][0m [1mNG5002: Parser Error: Unexpected token ), expected identifier or 
keyword at column 17 in [setTab(tab | any)] in 
C:/Users/alllllll/OneDrive/Desktop/╪د┘╪د╪«┘è╪▒/TradeFlow/src/app/features/settings/settings.component.html@20:23[0m 
[1m[35m[plugin angular-compiler][0m

    src/app/features/settings/settings.component.html:113:15:
[37m      113 ظ¤é           <div [32m*ngFor="let acc of accounts$ | async"[37m
          ظـ╡                [32m~~~~~~~~~~~~~~~~~~~~~~~~~~~~~~~~~~~~~[0m

  Error occurs in the template of component SettingsComponent.

    src/app/features/settings/settings.component.ts:17:15:
[37m      17 ظ¤é   templateUrl: [32m'./settings.component.html'[37m
         ظـ╡                [32m~~~~~~~~~~~~~~~~~~~~~~~~~~~[0m


[31mX [41;31m[[41;97mERROR[41;31m][0m [1mNG5002: Parser Error: Cannot have a pipe in an action expression at 
column 14 in [setTab(tab | any)] in 
C:/Users/alllllll/OneDrive/Desktop/╪د┘╪د╪«┘è╪▒/TradeFlow/src/app/features/settings/settings.component.html@20:23[0m 
[1m[35m[plugin angular-compiler][0m

    src/app/features/settings/settings.component.html:115:35:
[37m      115 ظ¤é ...kground]="[32m(activeAccountId$ | async) === acc.id ? 'rgba(255,25[37m...
          ظـ╡              [32m~~~~~~~~~~~~~~~~~~~~~~~~~~~~~~~~~~~~~~~~~~~~~~~~~~~~[0m

  Error occurs in the template of component SettingsComponent.

    src/app/features/settings/settings.component.ts:17:15:
[37m      17 ظ¤é   templateUrl: [32m'./settings.component.html'[37m
         ظـ╡                [32m~~~~~~~~~~~~~~~~~~~~~~~~~~~[0m


[31mX [41;31m[[41;97mERROR[41;31m][0m [1mNG5002: Parser Error: Unexpected token ), expected identifier or 
keyword at column 17 in [setTab(tab | any)] in 
C:/Users/alllllll/OneDrive/Desktop/╪د┘╪د╪«┘è╪▒/TradeFlow/src/app/features/settings/settings.component.html@20:23[0m 
[1m[35m[plugin angular-compiler][0m

    src/app/features/settings/settings.component.html:115:35:
[37m      115 ظ¤é ...kground]="[32m(activeAccountId$ | async) === acc.id ? 'rgba(255,25[37m...
          ظـ╡              [32m~~~~~~~~~~~~~~~~~~~~~~~~~~~~~~~~~~~~~~~~~~~~~~~~~~~~[0m

  Error occurs in the template of component SettingsComponent.

    src/app/features/settings/settings.component.ts:17:15:
[37m      17 ظ¤é   templateUrl: [32m'./settings.component.html'[37m
         ظـ╡                [32m~~~~~~~~~~~~~~~~~~~~~~~~~~~[0m


[31mX [41;31m[[41;97mERROR[41;31m][0m [1mNG5002: Parser Error: Cannot have a pipe in an action expression at 
column 14 in [setTab(tab | any)] in 
C:/Users/alllllll/OneDrive/Desktop/╪د┘╪د╪«┘è╪▒/TradeFlow/src/app/features/settings/settings.component.html@20:23[0m 
[1m[35m[plugin angular-compiler][0m

    src/app/features/settings/settings.component.html:116:37:
[37m      116 ظ¤é ...r-color]="[32m(activeAccountId$ | async) === acc.id ? 'var(--theme[37m...
          ظـ╡              [32m~~~~~~~~~~~~~~~~~~~~~~~~~~~~~~~~~~~~~~~~~~~~~~~~~~~~[0m

  Error occurs in the template of component SettingsComponent.

    src/app/features/settings/settings.component.ts:17:15:
[37m      17 ظ¤é   templateUrl: [32m'./settings.component.html'[37m
         ظـ╡                [32m~~~~~~~~~~~~~~~~~~~~~~~~~~~[0m


[31mX [41;31m[[41;97mERROR[41;31m][0m [1mNG5002: Parser Error: Unexpected token ), expected identifier or 
keyword at column 17 in [setTab(tab | any)] in 
C:/Users/alllllll/OneDrive/Desktop/╪د┘╪د╪«┘è╪▒/TradeFlow/src/app/features/settings/settings.component.html@20:23[0m 
[1m[35m[plugin angular-compiler][0m

    src/app/features/settings/settings.component.html:116:37:
[37m      116 ظ¤é ...r-color]="[32m(activeAccountId$ | async) === acc.id ? 'var(--theme[37m...
          ظـ╡              [32m~~~~~~~~~~~~~~~~~~~~~~~~~~~~~~~~~~~~~~~~~~~~~~~~~~~~[0m

  Error occurs in the template of component SettingsComponent.

    src/app/features/settings/settings.component.ts:17:15:
[37m      17 ظ¤é   templateUrl: [32m'./settings.component.html'[37m
         ظـ╡                [32m~~~~~~~~~~~~~~~~~~~~~~~~~~~[0m


[31mX [41;31m[[41;97mERROR[41;31m][0m [1mNG5002: Parser Error: Cannot have a pipe in an action expression at 
column 14 in [setTab(tab | any)] in 
C:/Users/alllllll/OneDrive/Desktop/╪د┘╪د╪«┘è╪▒/TradeFlow/src/app/features/settings/settings.component.html@20:23[0m 
[1m[35m[plugin angular-compiler][0m

    src/app/features/settings/settings.component.html:119:39:
[37m      119 ظ¤é ...<lucide-angular [img]="[32micons.CreditCard[37m" class="w-5 h-5 opacit...
          ظـ╡                           [32m~~~~~~~~~~~~~~~~[0m

  Error occurs in the template of component SettingsComponent.

    src/app/features/settings/settings.component.ts:17:15:
[37m      17 ظ¤é   templateUrl: [32m'./settings.component.html'[37m
         ظـ╡                [32m~~~~~~~~~~~~~~~~~~~~~~~~~~~[0m


[31mX [41;31m[[41;97mERROR[41;31m][0m [1mNG5002: Parser Error: Unexpected token ), expected identifier or 
keyword at column 17 in [setTab(tab | any)] in 
C:/Users/alllllll/OneDrive/Desktop/╪د┘╪د╪«┘è╪▒/TradeFlow/src/app/features/settings/settings.component.html@20:23[0m 
[1m[35m[plugin angular-compiler][0m

    src/app/features/settings/settings.component.html:119:39:
[37m      119 ظ¤é ...<lucide-angular [img]="[32micons.CreditCard[37m" class="w-5 h-5 opacit...
          ظـ╡                           [32m~~~~~~~~~~~~~~~~[0m

  Error occurs in the template of component SettingsComponent.

    src/app/features/settings/settings.component.ts:17:15:
[37m      17 ظ¤é   templateUrl: [32m'./settings.component.html'[37m
         ظـ╡                [32m~~~~~~~~~~~~~~~~~~~~~~~~~~~[0m


[31mX [41;31m[[41;97mERROR[41;31m][0m [1mNG5002: Parser Error: Cannot have a pipe in an action expression at 
column 14 in [setTab(tab | any)] in 
C:/Users/alllllll/OneDrive/Desktop/╪د┘╪د╪«┘è╪▒/TradeFlow/src/app/features/settings/settings.component.html@20:23[0m 
[1m[35m[plugin angular-compiler][0m

    src/app/features/settings/settings.component.html:122:77:
[37m      122 ظ¤é ...-xs font-black uppercase tracking-widest mb-1">[32m{{ acc.name }}[37m</p>
          ظـ╡                                                   [32m~~~~~~~~~~~~~~[0m

  Error occurs in the template of component SettingsComponent.

    src/app/features/settings/settings.component.ts:17:15:
[37m      17 ظ¤é   templateUrl: [32m'./settings.component.html'[37m
         ظـ╡                [32m~~~~~~~~~~~~~~~~~~~~~~~~~~~[0m


[31mX [41;31m[[41;97mERROR[41;31m][0m [1mNG5002: Parser Error: Unexpected token ), expected identifier or 
keyword at column 17 in [setTab(tab | any)] in 
C:/Users/alllllll/OneDrive/Desktop/╪د┘╪د╪«┘è╪▒/TradeFlow/src/app/features/settings/settings.component.html@20:23[0m 
[1m[35m[plugin angular-compiler][0m

    src/app/features/settings/settings.component.html:122:77:
[37m      122 ظ¤é ...-xs font-black uppercase tracking-widest mb-1">[32m{{ acc.name }}[37m</p>
          ظـ╡                                                   [32m~~~~~~~~~~~~~~[0m

  Error occurs in the template of component SettingsComponent.

    src/app/features/settings/settings.component.ts:17:15:
[37m      17 ظ¤é   templateUrl: [32m'./settings.component.html'[37m
         ظـ╡                [32m~~~~~~~~~~~~~~~~~~~~~~~~~~~[0m


[31mX [41;31m[[41;97mERROR[41;31m][0m [1mNG5002: Parser Error: Cannot have a pipe in an action expression at 
column 14 in [setTab(tab | any)] in 
C:/Users/alllllll/OneDrive/Desktop/╪د┘╪د╪«┘è╪▒/TradeFlow/src/app/features/settings/settings.component.html@20:23[0m 
[1m[35m[plugin angular-compiler][0m

    src/app/features/settings/settings.component.html:124:80:
[37m      124 ظ¤é ...-theme-accent)">[32m{{ acc.balance | currency: acc.currency }}[37m</span>
          ظـ╡                    [32m~~~~~~~~~~~~~~~~~~~~~~~~~~~~~~~~~~~~~~~~~~[0m

  Error occurs in the template of component SettingsComponent.

    src/app/features/settings/settings.component.ts:17:15:
[37m      17 ظ¤é   templateUrl: [32m'./settings.component.html'[37m
         ظـ╡                [32m~~~~~~~~~~~~~~~~~~~~~~~~~~~[0m


[31mX [41;31m[[41;97mERROR[41;31m][0m [1mNG5002: Parser Error: Unexpected token ), expected identifier or 
keyword at column 17 in [setTab(tab | any)] in 
C:/Users/alllllll/OneDrive/Desktop/╪د┘╪د╪«┘è╪▒/TradeFlow/src/app/features/settings/settings.component.html@20:23[0m 
[1m[35m[plugin angular-compiler][0m

    src/app/features/settings/settings.component.html:124:80:
[37m      124 ظ¤é ...-theme-accent)">[32m{{ acc.balance | currency: acc.currency }}[37m</span>
          ظـ╡                    [32m~~~~~~~~~~~~~~~~~~~~~~~~~~~~~~~~~~~~~~~~~~[0m

  Error occurs in the template of component SettingsComponent.

    src/app/features/settings/settings.component.ts:17:15:
[37m      17 ظ¤é   templateUrl: [32m'./settings.component.html'[37m
         ظـ╡                [32m~~~~~~~~~~~~~~~~~~~~~~~~~~~[0m


[31mX [41;31m[[41;97mERROR[41;31m][0m [1mNG5002: Parser Error: Cannot have a pipe in an action expression at 
column 14 in [setTab(tab | any)] in 
C:/Users/alllllll/OneDrive/Desktop/╪د┘╪د╪«┘è╪▒/TradeFlow/src/app/features/settings/settings.component.html@20:23[0m 
[1m[35m[plugin angular-compiler][0m

    src/app/features/settings/settings.component.html:125:124:
[37m      125 ظ¤é ...-2 py-0.5 rounded bg-white/5 text-white/30">[32m{{ acc.type }}[37m</span>
          ظـ╡                                                [32m~~~~~~~~~~~~~~[0m

  Error occurs in the template of component SettingsComponent.

    src/app/features/settings/settings.component.ts:17:15:
[37m      17 ظ¤é   templateUrl: [32m'./settings.component.html'[37m
         ظـ╡                [32m~~~~~~~~~~~~~~~~~~~~~~~~~~~[0m


[31mX [41;31m[[41;97mERROR[41;31m][0m [1mNG5002: Parser Error: Unexpected token ), expected identifier or 
keyword at column 17 in [setTab(tab | any)] in 
C:/Users/alllllll/OneDrive/Desktop/╪د┘╪د╪«┘è╪▒/TradeFlow/src/app/features/settings/settings.component.html@20:23[0m 
[1m[35m[plugin angular-compiler][0m

    src/app/features/settings/settings.component.html:125:124:
[37m      125 ظ¤é ...-2 py-0.5 rounded bg-white/5 text-white/30">[32m{{ acc.type }}[37m</span>
          ظـ╡                                                [32m~~~~~~~~~~~~~~[0m

  Error occurs in the template of component SettingsComponent.

    src/app/features/settings/settings.component.ts:17:15:
[37m      17 ظ¤é   templateUrl: [32m'./settings.component.html'[37m
         ظـ╡                [32m~~~~~~~~~~~~~~~~~~~~~~~~~~~[0m


[31mX [41;31m[[41;97mERROR[41;31m][0m [1mNG5002: Parser Error: Cannot have a pipe in an action expression at 
column 14 in [setTab(tab | any)] in 
C:/Users/alllllll/OneDrive/Desktop/╪د┘╪د╪«┘è╪▒/TradeFlow/src/app/features/settings/settings.component.html@20:23[0m 
[1m[35m[plugin angular-compiler][0m

    src/app/features/settings/settings.component.html:130:22:
[37m      130 ظ¤é ...  <button [32m*ngIf="(activeAccountId$ | async) !== acc.id"[37m (click...
          ظـ╡              [32m~~~~~~~~~~~~~~~~~~~~~~~~~~~~~~~~~~~~~~~~~~~~~[0m

  Error occurs in the template of component SettingsComponent.

    src/app/features/settings/settings.component.ts:17:15:
[37m      17 ظ¤é   templateUrl: [32m'./settings.component.html'[37m
         ظـ╡                [32m~~~~~~~~~~~~~~~~~~~~~~~~~~~[0m


[31mX [41;31m[[41;97mERROR[41;31m][0m [1mNG5002: Parser Error: Unexpected token ), expected identifier or 
keyword at column 17 in [setTab(tab | any)] in 
C:/Users/alllllll/OneDrive/Desktop/╪د┘╪د╪«┘è╪▒/TradeFlow/src/app/features/settings/settings.component.html@20:23[0m 
[1m[35m[plugin angular-compiler][0m

    src/app/features/settings/settings.component.html:130:22:
[37m      130 ظ¤é ...  <button [32m*ngIf="(activeAccountId$ | async) !== acc.id"[37m (click...
          ظـ╡              [32m~~~~~~~~~~~~~~~~~~~~~~~~~~~~~~~~~~~~~~~~~~~~~[0m

  Error occurs in the template of component SettingsComponent.

    src/app/features/settings/settings.component.ts:17:15:
[37m      17 ظ¤é   templateUrl: [32m'./settings.component.html'[37m
         ظـ╡                [32m~~~~~~~~~~~~~~~~~~~~~~~~~~~[0m


[31mX [41;31m[[41;97mERROR[41;31m][0m [1mNG5002: Parser Error: Cannot have a pipe in an action expression at 
column 14 in [setTab(tab | any)] in 
C:/Users/alllllll/OneDrive/Desktop/╪د┘╪د╪«┘è╪▒/TradeFlow/src/app/features/settings/settings.component.html@20:23[0m 
[1m[35m[plugin angular-compiler][0m

    src/app/features/settings/settings.component.html:130:77:
[37m      130 ظ¤é ...!== acc.id" (click)="[32mswitchAccount(acc.id)[37m" class="px-4 py-2 t...
          ظـ╡                         [32m~~~~~~~~~~~~~~~~~~~~~[0m

  Error occurs in the template of component SettingsComponent.

    src/app/features/settings/settings.component.ts:17:15:
[37m      17 ظ¤é   templateUrl: [32m'./settings.component.html'[37m
         ظـ╡                [32m~~~~~~~~~~~~~~~~~~~~~~~~~~~[0m


[31mX [41;31m[[41;97mERROR[41;31m][0m [1mNG5002: Parser Error: Unexpected token ), expected identifier or 
keyword at column 17 in [setTab(tab | any)] in 
C:/Users/alllllll/OneDrive/Desktop/╪د┘╪د╪«┘è╪▒/TradeFlow/src/app/features/settings/settings.component.html@20:23[0m 
[1m[35m[plugin angular-compiler][0m

    src/app/features/settings/settings.component.html:130:77:
[37m      130 ظ¤é ...!== acc.id" (click)="[32mswitchAccount(acc.id)[37m" class="px-4 py-2 t...
          ظـ╡                         [32m~~~~~~~~~~~~~~~~~~~~~[0m

  Error occurs in the template of component SettingsComponent.

    src/app/features/settings/settings.component.ts:17:15:
[37m      17 ظ¤é   templateUrl: [32m'./settings.component.html'[37m
         ظـ╡                [32m~~~~~~~~~~~~~~~~~~~~~~~~~~~[0m


[31mX [41;31m[[41;97mERROR[41;31m][0m [1mNG5002: Parser Error: Cannot have a pipe in an action expression at 
column 14 in [setTab(tab | any)] in 
C:/Users/alllllll/OneDrive/Desktop/╪د┘╪د╪«┘è╪▒/TradeFlow/src/app/features/settings/settings.component.html@20:23[0m 
[1m[35m[plugin angular-compiler][0m

    src/app/features/settings/settings.component.html:131:31:
[37m      131 ظ¤é ...    <button (click)="[32mdeleteAccount(acc.id)[37m" class="p-2.5 text-...
          ظـ╡                         [32m~~~~~~~~~~~~~~~~~~~~~[0m

  Error occurs in the template of component SettingsComponent.

    src/app/features/settings/settings.component.ts:17:15:
[37m      17 ظ¤é   templateUrl: [32m'./settings.component.html'[37m
         ظـ╡                [32m~~~~~~~~~~~~~~~~~~~~~~~~~~~[0m


[31mX [41;31m[[41;97mERROR[41;31m][0m [1mNG5002: Parser Error: Unexpected token ), expected identifier or 
keyword at column 17 in [setTab(tab | any)] in 
C:/Users/alllllll/OneDrive/Desktop/╪د┘╪د╪«┘è╪▒/TradeFlow/src/app/features/settings/settings.component.html@20:23[0m 
[1m[35m[plugin angular-compiler][0m

    src/app/features/settings/settings.component.html:131:31:
[37m      131 ظ¤é ...    <button (click)="[32mdeleteAccount(acc.id)[37m" class="p-2.5 text-...
          ظـ╡                         [32m~~~~~~~~~~~~~~~~~~~~~[0m

  Error occurs in the template of component SettingsComponent.

    src/app/features/settings/settings.component.ts:17:15:
[37m      17 ظ¤é   templateUrl: [32m'./settings.component.html'[37m
         ظـ╡                [32m~~~~~~~~~~~~~~~~~~~~~~~~~~~[0m


[31mX [41;31m[[41;97mERROR[41;31m][0m [1mNG5002: Parser Error: Cannot have a pipe in an action expression at 
column 14 in [setTab(tab | any)] in 
C:/Users/alllllll/OneDrive/Desktop/╪د┘╪د╪«┘è╪▒/TradeFlow/src/app/features/settings/settings.component.html@20:23[0m 
[1m[35m[plugin angular-compiler][0m

    src/app/features/settings/settings.component.html:131:144:
[37m      131 ظ¤é ..."><lucide-angular [img]="[32micons.Trash2[37m" class="w-4 h-4"></lucid...
          ظـ╡                             [32m~~~~~~~~~~~~[0m

  Error occurs in the template of component SettingsComponent.

    src/app/features/settings/settings.component.ts:17:15:
[37m      17 ظ¤é   templateUrl: [32m'./settings.component.html'[37m
         ظـ╡                [32m~~~~~~~~~~~~~~~~~~~~~~~~~~~[0m


[31mX [41;31m[[41;97mERROR[41;31m][0m [1mNG5002: Parser Error: Unexpected token ), expected identifier or 
keyword at column 17 in [setTab(tab | any)] in 
C:/Users/alllllll/OneDrive/Desktop/╪د┘╪د╪«┘è╪▒/TradeFlow/src/app/features/settings/settings.component.html@20:23[0m 
[1m[35m[plugin angular-compiler][0m

    src/app/features/settings/settings.component.html:131:144:
[37m      131 ظ¤é ..."><lucide-angular [img]="[32micons.Trash2[37m" class="w-4 h-4"></lucid...
          ظـ╡                             [32m~~~~~~~~~~~~[0m

  Error occurs in the template of component SettingsComponent.

    src/app/features/settings/settings.component.ts:17:15:
[37m      17 ظ¤é   templateUrl: [32m'./settings.component.html'[37m
         ظـ╡                [32m~~~~~~~~~~~~~~~~~~~~~~~~~~~[0m


[31mX [41;31m[[41;97mERROR[41;31m][0m [1mNG5002: Parser Error: Cannot have a pipe in an action expression at 
column 14 in [setTab(tab | any)] in 
C:/Users/alllllll/OneDrive/Desktop/╪د┘╪د╪«┘è╪▒/TradeFlow/src/app/features/settings/settings.component.html@20:23[0m 
[1m[35m[plugin angular-compiler][0m

    src/app/features/settings/settings.component.html:138:15:
[37m      138 ظ¤é       <section [32m*ngIf="activeTab === 'data'"[37m class="space-y-8 anim...
          ظـ╡                [32m~~~~~~~~~~~~~~~~~~~~~~~~~~~~[0m

  Error occurs in the template of component SettingsComponent.

    src/app/features/settings/settings.component.ts:17:15:
[37m      17 ظ¤é   templateUrl: [32m'./settings.component.html'[37m
         ظـ╡                [32m~~~~~~~~~~~~~~~~~~~~~~~~~~~[0m


[31mX [41;31m[[41;97mERROR[41;31m][0m [1mNG5002: Parser Error: Unexpected token ), expected identifier or 
keyword at column 17 in [setTab(tab | any)] in 
C:/Users/alllllll/OneDrive/Desktop/╪د┘╪د╪«┘è╪▒/TradeFlow/src/app/features/settings/settings.component.html@20:23[0m 
[1m[35m[plugin angular-compiler][0m

    src/app/features/settings/settings.component.html:138:15:
[37m      138 ظ¤é       <section [32m*ngIf="activeTab === 'data'"[37m class="space-y-8 anim...
          ظـ╡                [32m~~~~~~~~~~~~~~~~~~~~~~~~~~~~[0m

  Error occurs in the template of component SettingsComponent.

    src/app/features/settings/settings.component.ts:17:15:
[37m      17 ظ¤é   templateUrl: [32m'./settings.component.html'[37m
         ظـ╡                [32m~~~~~~~~~~~~~~~~~~~~~~~~~~~[0m


[31mX [41;31m[[41;97mERROR[41;31m][0m [1mNG5002: Parser Error: Cannot have a pipe in an action expression at 
column 14 in [setTab(tab | any)] in 
C:/Users/alllllll/OneDrive/Desktop/╪د┘╪د╪«┘è╪▒/TradeFlow/src/app/features/settings/settings.component.html@20:23[0m 
[1m[35m[plugin angular-compiler][0m

    src/app/features/settings/settings.component.html:142:37:
[37m      142 ظ¤é ...  <lucide-angular [img]="[32micons.Shield[37m" class="w-6 h-6 text-red...
          ظـ╡                             [32m~~~~~~~~~~~~[0m

  Error occurs in the template of component SettingsComponent.

    src/app/features/settings/settings.component.ts:17:15:
[37m      17 ظ¤é   templateUrl: [32m'./settings.component.html'[37m
         ظـ╡                [32m~~~~~~~~~~~~~~~~~~~~~~~~~~~[0m


[31mX [41;31m[[41;97mERROR[41;31m][0m [1mNG5002: Parser Error: Unexpected token ), expected identifier or 
keyword at column 17 in [setTab(tab | any)] in 
C:/Users/alllllll/OneDrive/Desktop/╪د┘╪د╪«┘è╪▒/TradeFlow/src/app/features/settings/settings.component.html@20:23[0m 
[1m[35m[plugin angular-compiler][0m

    src/app/features/settings/settings.component.html:142:37:
[37m      142 ظ¤é ...  <lucide-angular [img]="[32micons.Shield[37m" class="w-6 h-6 text-red...
          ظـ╡                             [32m~~~~~~~~~~~~[0m

  Error occurs in the template of component SettingsComponent.

    src/app/features/settings/settings.component.ts:17:15:
[37m      17 ظ¤é   templateUrl: [32m'./settings.component.html'[37m
         ظـ╡                [32m~~~~~~~~~~~~~~~~~~~~~~~~~~~[0m


[31mX [41;31m[[41;97mERROR[41;31m][0m [1mNG5002: Parser Error: Cannot have a pipe in an action expression at 
column 14 in [setTab(tab | any)] in 
C:/Users/alllllll/OneDrive/Desktop/╪د┘╪د╪«┘è╪▒/TradeFlow/src/app/features/settings/settings.component.html@20:23[0m 
[1m[35m[plugin angular-compiler][0m

    src/app/features/settings/settings.component.html:151:29:
[37m      151 ظ¤é ...       <button (click)="[32mexportAllData()[37m" class="flex items-cen...
          ظـ╡                            [32m~~~~~~~~~~~~~~~[0m

  Error occurs in the template of component SettingsComponent.

    src/app/features/settings/settings.component.ts:17:15:
[37m      17 ظ¤é   templateUrl: [32m'./settings.component.html'[37m
         ظـ╡                [32m~~~~~~~~~~~~~~~~~~~~~~~~~~~[0m


[31mX [41;31m[[41;97mERROR[41;31m][0m [1mNG5002: Parser Error: Unexpected token ), expected identifier or 
keyword at column 17 in [setTab(tab | any)] in 
C:/Users/alllllll/OneDrive/Desktop/╪د┘╪د╪«┘è╪▒/TradeFlow/src/app/features/settings/settings.component.html@20:23[0m 
[1m[35m[plugin angular-compiler][0m

    src/app/features/settings/settings.component.html:151:29:
[37m      151 ظ¤é ...       <button (click)="[32mexportAllData()[37m" class="flex items-cen...
          ظـ╡                            [32m~~~~~~~~~~~~~~~[0m

  Error occurs in the template of component SettingsComponent.

    src/app/features/settings/settings.component.ts:17:15:
[37m      17 ظ¤é   templateUrl: [32m'./settings.component.html'[37m
         ظـ╡                [32m~~~~~~~~~~~~~~~~~~~~~~~~~~~[0m


[31mX [41;31m[[41;97mERROR[41;31m][0m [1mNG5002: Parser Error: Cannot have a pipe in an action expression at 
column 14 in [setTab(tab | any)] in 
C:/Users/alllllll/OneDrive/Desktop/╪د┘╪د╪«┘è╪▒/TradeFlow/src/app/features/settings/settings.component.html@20:23[0m 
[1m[35m[plugin angular-compiler][0m

    src/app/features/settings/settings.component.html:156:37:
[37m      156 ظ¤é ... <lucide-angular [img]="[32micons.Download[37m" class="w-5 h-5 opacity...
          ظـ╡                            [32m~~~~~~~~~~~~~~[0m

  Error occurs in the template of component SettingsComponent.

    src/app/features/settings/settings.component.ts:17:15:
[37m      17 ظ¤é   templateUrl: [32m'./settings.component.html'[37m
         ظـ╡                [32m~~~~~~~~~~~~~~~~~~~~~~~~~~~[0m


[31mX [41;31m[[41;97mERROR[41;31m][0m [1mNG5002: Parser Error: Unexpected token ), expected identifier or 
keyword at column 17 in [setTab(tab | any)] in 
C:/Users/alllllll/OneDrive/Desktop/╪د┘╪د╪«┘è╪▒/TradeFlow/src/app/features/settings/settings.component.html@20:23[0m 
[1m[35m[plugin angular-compiler][0m

    src/app/features/settings/settings.component.html:156:37:
[37m      156 ظ¤é ... <lucide-angular [img]="[32micons.Download[37m" class="w-5 h-5 opacity...
          ظـ╡                            [32m~~~~~~~~~~~~~~[0m

  Error occurs in the template of component SettingsComponent.

    src/app/features/settings/settings.component.ts:17:15:
[37m      17 ظ¤é   templateUrl: [32m'./settings.component.html'[37m
         ظـ╡                [32m~~~~~~~~~~~~~~~~~~~~~~~~~~~[0m


[31mX [41;31m[[41;97mERROR[41;31m][0m [1mNG5002: Parser Error: Cannot have a pipe in an action expression at 
column 14 in [setTab(tab | any)] in 
C:/Users/alllllll/OneDrive/Desktop/╪د┘╪د╪«┘è╪▒/TradeFlow/src/app/features/settings/settings.component.html@20:23[0m 
[1m[35m[plugin angular-compiler][0m

    src/app/features/settings/settings.component.html:159:29:
[37m      159 ظ¤é ...       <button (click)="[32mdeleteAllData()[37m" class="flex items-cen...
          ظـ╡                            [32m~~~~~~~~~~~~~~~[0m

  Error occurs in the template of component SettingsComponent.

    src/app/features/settings/settings.component.ts:17:15:
[37m      17 ظ¤é   templateUrl: [32m'./settings.component.html'[37m
         ظـ╡                [32m~~~~~~~~~~~~~~~~~~~~~~~~~~~[0m


[31mX [41;31m[[41;97mERROR[41;31m][0m [1mNG5002: Parser Error: Unexpected token ), expected identifier or 
keyword at column 17 in [setTab(tab | any)] in 
C:/Users/alllllll/OneDrive/Desktop/╪د┘╪د╪«┘è╪▒/TradeFlow/src/app/features/settings/settings.component.html@20:23[0m 
[1m[35m[plugin angular-compiler][0m

    src/app/features/settings/settings.component.html:159:29:
[37m      159 ظ¤é ...       <button (click)="[32mdeleteAllData()[37m" class="flex items-cen...
          ظـ╡                            [32m~~~~~~~~~~~~~~~[0m

  Error occurs in the template of component SettingsComponent.

    src/app/features/settings/settings.component.ts:17:15:
[37m      17 ظ¤é   templateUrl: [32m'./settings.component.html'[37m
         ظـ╡                [32m~~~~~~~~~~~~~~~~~~~~~~~~~~~[0m


[31mX [41;31m[[41;97mERROR[41;31m][0m [1mNG5002: Parser Error: Cannot have a pipe in an action expression at 
column 14 in [setTab(tab | any)] in 
C:/Users/alllllll/OneDrive/Desktop/╪د┘╪د╪«┘è╪▒/TradeFlow/src/app/features/settings/settings.component.html@20:23[0m 
[1m[35m[plugin angular-compiler][0m

    src/app/features/settings/settings.component.html:164:37:
[37m      164 ظ¤é ...  <lucide-angular [img]="[32micons.Trash2[37m" class="w-5 h-5 text-red...
          ظـ╡                             [32m~~~~~~~~~~~~[0m

  Error occurs in the template of component SettingsComponent.

    src/app/features/settings/settings.component.ts:17:15:
[37m      17 ظ¤é   templateUrl: [32m'./settings.component.html'[37m
         ظـ╡                [32m~~~~~~~~~~~~~~~~~~~~~~~~~~~[0m


[31mX [41;31m[[41;97mERROR[41;31m][0m [1mNG5002: Parser Error: Unexpected token ), expected identifier or 
keyword at column 17 in [setTab(tab | any)] in 
C:/Users/alllllll/OneDrive/Desktop/╪د┘╪د╪«┘è╪▒/TradeFlow/src/app/features/settings/settings.component.html@20:23[0m 
[1m[35m[plugin angular-compiler][0m

    src/app/features/settings/settings.component.html:164:37:
[37m      164 ظ¤é ...  <lucide-angular [img]="[32micons.Trash2[37m" class="w-5 h-5 text-red...
          ظـ╡                             [32m~~~~~~~~~~~~[0m

  Error occurs in the template of component SettingsComponent.

    src/app/features/settings/settings.component.ts:17:15:
[37m      17 ظ¤é   templateUrl: [32m'./settings.component.html'[37m
         ظـ╡                [32m~~~~~~~~~~~~~~~~~~~~~~~~~~~[0m


[31mX [41;31m[[41;97mERROR[41;31m][0m [1mNG5002: Parser Error: Cannot have a pipe in an action expression at 
column 14 in [setTab(tab | any)] in 
C:/Users/alllllll/OneDrive/Desktop/╪د┘╪د╪«┘è╪▒/TradeFlow/src/app/features/settings/settings.component.html@20:23[0m 
[1m[35m[plugin angular-compiler][0m

    src/app/features/settings/settings.component.html:174:7:
[37m      174 ظ¤é   <div [32m*ngIf="showAccountModal"[37m class="fixed inset-0 bg-black/80 ...
          ظـ╡        [32m~~~~~~~~~~~~~~~~~~~~~~~~[0m

  Error occurs in the template of component SettingsComponent.

    src/app/features/settings/settings.component.ts:17:15:
[37m      17 ظ¤é   templateUrl: [32m'./settings.component.html'[37m
         ظـ╡                [32m~~~~~~~~~~~~~~~~~~~~~~~~~~~[0m


[31mX [41;31m[[41;97mERROR[41;31m][0m [1mNG5002: Parser Error: Unexpected token ), expected identifier or 
keyword at column 17 in [setTab(tab | any)] in 
C:/Users/alllllll/OneDrive/Desktop/╪د┘╪د╪«┘è╪▒/TradeFlow/src/app/features/settings/settings.component.html@20:23[0m 
[1m[35m[plugin angular-compiler][0m

    src/app/features/settings/settings.component.html:174:7:
[37m      174 ظ¤é   <div [32m*ngIf="showAccountModal"[37m class="fixed inset-0 bg-black/80 ...
          ظـ╡        [32m~~~~~~~~~~~~~~~~~~~~~~~~[0m

  Error occurs in the template of component SettingsComponent.

    src/app/features/settings/settings.component.ts:17:15:
[37m      17 ظ¤é   templateUrl: [32m'./settings.component.html'[37m
         ظـ╡                [32m~~~~~~~~~~~~~~~~~~~~~~~~~~~[0m


[31mX [41;31m[[41;97mERROR[41;31m][0m [1mNG5002: Parser Error: Cannot have a pipe in an action expression at 
column 14 in [setTab(tab | any)] in 
C:/Users/alllllll/OneDrive/Desktop/╪د┘╪د╪«┘è╪▒/TradeFlow/src/app/features/settings/settings.component.html@20:23[0m 
[1m[35m[plugin angular-compiler][0m

    src/app/features/settings/settings.component.html:181:30:
[37m      181 ظ¤é ...    <input [(ngModel)]="[32mnewAccount.name[37m" class="setting-input"...
          ظـ╡                            [32m~~~~~~~~~~~~~~~[0m

  Error occurs in the template of component SettingsComponent.

    src/app/features/settings/settings.component.ts:17:15:
[37m      17 ظ¤é   templateUrl: [32m'./settings.component.html'[37m
         ظـ╡                [32m~~~~~~~~~~~~~~~~~~~~~~~~~~~[0m


[31mX [41;31m[[41;97mERROR[41;31m][0m [1mNG5002: Parser Error: Cannot have a pipe in an action expression at 
column 14 in [setTab(tab | any)] in 
C:/Users/alllllll/OneDrive/Desktop/╪د┘╪د╪«┘è╪▒/TradeFlow/src/app/features/settings/settings.component.html@20:23[0m 
[1m[35m[plugin angular-compiler][0m

    src/app/features/settings/settings.component.html:181:30:
[37m      181 ظ¤é ...    <input [(ngModel)]="[32mnewAccount.name[37m" class="setting-input"...
          ظـ╡                            [32m~~~~~~~~~~~~~~~[0m

  Error occurs in the template of component SettingsComponent.

    src/app/features/settings/settings.component.ts:17:15:
[37m      17 ظ¤é   templateUrl: [32m'./settings.component.html'[37m
         ظـ╡                [32m~~~~~~~~~~~~~~~~~~~~~~~~~~~[0m


[31mX [41;31m[[41;97mERROR[41;31m][0m [1mNG5002: Parser Error: Unexpected token ), expected identifier or 
keyword at column 17 in [setTab(tab | any)] in 
C:/Users/alllllll/OneDrive/Desktop/╪د┘╪د╪«┘è╪▒/TradeFlow/src/app/features/settings/settings.component.html@20:23[0m 
[1m[35m[plugin angular-compiler][0m

    src/app/features/settings/settings.component.html:181:30:
[37m      181 ظ¤é ...    <input [(ngModel)]="[32mnewAccount.name[37m" class="setting-input"...
          ظـ╡                            [32m~~~~~~~~~~~~~~~[0m

  Error occurs in the template of component SettingsComponent.

    src/app/features/settings/settings.component.ts:17:15:
[37m      17 ظ¤é   templateUrl: [32m'./settings.component.html'[37m
         ظـ╡                [32m~~~~~~~~~~~~~~~~~~~~~~~~~~~[0m


[31mX [41;31m[[41;97mERROR[41;31m][0m [1mNG5002: Parser Error: Unexpected token ), expected identifier or 
keyword at column 17 in [setTab(tab | any)] in 
C:/Users/alllllll/OneDrive/Desktop/╪د┘╪د╪«┘è╪▒/TradeFlow/src/app/features/settings/settings.component.html@20:23[0m 
[1m[35m[plugin angular-compiler][0m

    src/app/features/settings/settings.component.html:181:30:
[37m      181 ظ¤é ...    <input [(ngModel)]="[32mnewAccount.name[37m" class="setting-input"...
          ظـ╡                            [32m~~~~~~~~~~~~~~~[0m

  Error occurs in the template of component SettingsComponent.

    src/app/features/settings/settings.component.ts:17:15:
[37m      17 ظ¤é   templateUrl: [32m'./settings.component.html'[37m
         ظـ╡                [32m~~~~~~~~~~~~~~~~~~~~~~~~~~~[0m


[31mX [41;31m[[41;97mERROR[41;31m][0m [1mNG5002: Parser Error: Cannot have a pipe in an action expression at 
column 14 in [setTab(tab | any)] in 
C:/Users/alllllll/OneDrive/Desktop/╪د┘╪د╪«┘è╪▒/TradeFlow/src/app/features/settings/settings.component.html@20:23[0m 
[1m[35m[plugin angular-compiler][0m

    src/app/features/settings/settings.component.html:185:44:
[37m      185 ظ¤é ...="number" [(ngModel)]="[32mnewAccount.balance[37m" class="setting-input">
          ظـ╡                           [32m~~~~~~~~~~~~~~~~~~[0m

  Error occurs in the template of component SettingsComponent.

    src/app/features/settings/settings.component.ts:17:15:
[37m      17 ظ¤é   templateUrl: [32m'./settings.component.html'[37m
         ظـ╡                [32m~~~~~~~~~~~~~~~~~~~~~~~~~~~[0m


[31mX [41;31m[[41;97mERROR[41;31m][0m [1mNG5002: Parser Error: Cannot have a pipe in an action expression at 
column 14 in [setTab(tab | any)] in 
C:/Users/alllllll/OneDrive/Desktop/╪د┘╪د╪«┘è╪▒/TradeFlow/src/app/features/settings/settings.component.html@20:23[0m 
[1m[35m[plugin angular-compiler][0m

    src/app/features/settings/settings.component.html:185:44:
[37m      185 ظ¤é ...="number" [(ngModel)]="[32mnewAccount.balance[37m" class="setting-input">
          ظـ╡                           [32m~~~~~~~~~~~~~~~~~~[0m

  Error occurs in the template of component SettingsComponent.

    src/app/features/settings/settings.component.ts:17:15:
[37m      17 ظ¤é   templateUrl: [32m'./settings.component.html'[37m
         ظـ╡                [32m~~~~~~~~~~~~~~~~~~~~~~~~~~~[0m


[31mX [41;31m[[41;97mERROR[41;31m][0m [1mNG5002: Parser Error: Unexpected token ), expected identifier or 
keyword at column 17 in [setTab(tab | any)] in 
C:/Users/alllllll/OneDrive/Desktop/╪د┘╪د╪«┘è╪▒/TradeFlow/src/app/features/settings/settings.component.html@20:23[0m 
[1m[35m[plugin angular-compiler][0m

    src/app/features/settings/settings.component.html:185:44:
[37m      185 ظ¤é ...="number" [(ngModel)]="[32mnewAccount.balance[37m" class="setting-input">
          ظـ╡                           [32m~~~~~~~~~~~~~~~~~~[0m

  Error occurs in the template of component SettingsComponent.

    src/app/features/settings/settings.component.ts:17:15:
[37m      17 ظ¤é   templateUrl: [32m'./settings.component.html'[37m
         ظـ╡                [32m~~~~~~~~~~~~~~~~~~~~~~~~~~~[0m


[31mX [41;31m[[41;97mERROR[41;31m][0m [1mNG5002: Parser Error: Unexpected token ), expected identifier or 
keyword at column 17 in [setTab(tab | any)] in 
C:/Users/alllllll/OneDrive/Desktop/╪د┘╪د╪«┘è╪▒/TradeFlow/src/app/features/settings/settings.component.html@20:23[0m 
[1m[35m[plugin angular-compiler][0m

    src/app/features/settings/settings.component.html:185:44:
[37m      185 ظ¤é ...="number" [(ngModel)]="[32mnewAccount.balance[37m" class="setting-input">
          ظـ╡                           [32m~~~~~~~~~~~~~~~~~~[0m

  Error occurs in the template of component SettingsComponent.

    src/app/features/settings/settings.component.ts:17:15:
[37m      17 ظ¤é   templateUrl: [32m'./settings.component.html'[37m
         ظـ╡                [32m~~~~~~~~~~~~~~~~~~~~~~~~~~~[0m


[31mX [41;31m[[41;97mERROR[41;31m][0m [1mNG5002: Parser Error: Cannot have a pipe in an action expression at 
column 14 in [setTab(tab | any)] in 
C:/Users/alllllll/OneDrive/Desktop/╪د┘╪د╪«┘è╪▒/TradeFlow/src/app/features/settings/settings.component.html@20:23[0m 
[1m[35m[plugin angular-compiler][0m

    src/app/features/settings/settings.component.html:189:31:
[37m      189 ظ¤é ...   <select [(ngModel)]="[32mnewAccount.type[37m" class="setting-input ...
          ظـ╡                            [32m~~~~~~~~~~~~~~~[0m

  Error occurs in the template of component SettingsComponent.

    src/app/features/settings/settings.component.ts:17:15:
[37m      17 ظ¤é   templateUrl: [32m'./settings.component.html'[37m
         ظـ╡                [32m~~~~~~~~~~~~~~~~~~~~~~~~~~~[0m


[31mX [41;31m[[41;97mERROR[41;31m][0m [1mNG5002: Parser Error: Cannot have a pipe in an action expression at 
column 14 in [setTab(tab | any)] in 
C:/Users/alllllll/OneDrive/Desktop/╪د┘╪د╪«┘è╪▒/TradeFlow/src/app/features/settings/settings.component.html@20:23[0m 
[1m[35m[plugin angular-compiler][0m

    src/app/features/settings/settings.component.html:189:31:
[37m      189 ظ¤é ...   <select [(ngModel)]="[32mnewAccount.type[37m" class="setting-input ...
          ظـ╡                            [32m~~~~~~~~~~~~~~~[0m

  Error occurs in the template of component SettingsComponent.

    src/app/features/settings/settings.component.ts:17:15:
[37m      17 ظ¤é   templateUrl: [32m'./settings.component.html'[37m
         ظـ╡                [32m~~~~~~~~~~~~~~~~~~~~~~~~~~~[0m


[31mX [41;31m[[41;97mERROR[41;31m][0m [1mNG5002: Parser Error: Unexpected token ), expected identifier or 
keyword at column 17 in [setTab(tab | any)] in 
C:/Users/alllllll/OneDrive/Desktop/╪د┘╪د╪«┘è╪▒/TradeFlow/src/app/features/settings/settings.component.html@20:23[0m 
[1m[35m[plugin angular-compiler][0m

    src/app/features/settings/settings.component.html:189:31:
[37m      189 ظ¤é ...   <select [(ngModel)]="[32mnewAccount.type[37m" class="setting-input ...
          ظـ╡                            [32m~~~~~~~~~~~~~~~[0m

  Error occurs in the template of component SettingsComponent.

    src/app/features/settings/settings.component.ts:17:15:
[37m      17 ظ¤é   templateUrl: [32m'./settings.component.html'[37m
         ظـ╡                [32m~~~~~~~~~~~~~~~~~~~~~~~~~~~[0m


[31mX [41;31m[[41;97mERROR[41;31m][0m [1mNG5002: Parser Error: Unexpected token ), expected identifier or 
keyword at column 17 in [setTab(tab | any)] in 
C:/Users/alllllll/OneDrive/Desktop/╪د┘╪د╪«┘è╪▒/TradeFlow/src/app/features/settings/settings.component.html@20:23[0m 
[1m[35m[plugin angular-compiler][0m

    src/app/features/settings/settings.component.html:189:31:
[37m      189 ظ¤é ...   <select [(ngModel)]="[32mnewAccount.type[37m" class="setting-input ...
          ظـ╡                            [32m~~~~~~~~~~~~~~~[0m

  Error occurs in the template of component SettingsComponent.

    src/app/features/settings/settings.component.ts:17:15:
[37m      17 ظ¤é   templateUrl: [32m'./settings.component.html'[37m
         ظـ╡                [32m~~~~~~~~~~~~~~~~~~~~~~~~~~~[0m


[31mX [41;31m[[41;97mERROR[41;31m][0m [1mNG5002: Parser Error: Cannot have a pipe in an action expression at 
column 14 in [setTab(tab | any)] in 
C:/Users/alllllll/OneDrive/Desktop/╪د┘╪د╪«┘è╪▒/TradeFlow/src/app/features/settings/settings.component.html@20:23[0m 
[1m[35m[plugin angular-compiler][0m

    src/app/features/settings/settings.component.html:197:25:
[37m      197 ظ¤é         <button (click)="[32mcloseAddAccount()[37m" class="flex-1 px-6 py...
          ظـ╡                          [32m~~~~~~~~~~~~~~~~~[0m

  Error occurs in the template of component SettingsComponent.

    src/app/features/settings/settings.component.ts:17:15:
[37m      17 ظ¤é   templateUrl: [32m'./settings.component.html'[37m
         ظـ╡                [32m~~~~~~~~~~~~~~~~~~~~~~~~~~~[0m


[31mX [41;31m[[41;97mERROR[41;31m][0m [1mNG5002: Parser Error: Unexpected token ), expected identifier or 
keyword at column 17 in [setTab(tab | any)] in 
C:/Users/alllllll/OneDrive/Desktop/╪د┘╪د╪«┘è╪▒/TradeFlow/src/app/features/settings/settings.component.html@20:23[0m 
[1m[35m[plugin angular-compiler][0m

    src/app/features/settings/settings.component.html:197:25:
[37m      197 ظ¤é         <button (click)="[32mcloseAddAccount()[37m" class="flex-1 px-6 py...
          ظـ╡                          [32m~~~~~~~~~~~~~~~~~[0m

  Error occurs in the template of component SettingsComponent.

    src/app/features/settings/settings.component.ts:17:15:
[37m      17 ظ¤é   templateUrl: [32m'./settings.component.html'[37m
         ظـ╡                [32m~~~~~~~~~~~~~~~~~~~~~~~~~~~[0m


[31mX [41;31m[[41;97mERROR[41;31m][0m [1mNG5002: Parser Error: Cannot have a pipe in an action expression at 
column 14 in [setTab(tab | any)] in 
C:/Users/alllllll/OneDrive/Desktop/╪د┘╪د╪«┘è╪▒/TradeFlow/src/app/features/settings/settings.component.html@20:23[0m 
[1m[35m[plugin angular-compiler][0m

    src/app/features/settings/settings.component.html:198:25:
[37m      198 ظ¤é         <button (click)="[32msaveNewAccount()[37m" class="flex-1 px-6 py-...
          ظـ╡                          [32m~~~~~~~~~~~~~~~~[0m

  Error occurs in the template of component SettingsComponent.

    src/app/features/settings/settings.component.ts:17:15:
[37m      17 ظ¤é   templateUrl: [32m'./settings.component.html'[37m
         ظـ╡                [32m~~~~~~~~~~~~~~~~~~~~~~~~~~~[0m


[31mX [41;31m[[41;97mERROR[41;31m][0m [1mNG5002: Parser Error: Unexpected token ), expected identifier or 
keyword at column 17 in [setTab(tab | any)] in 
C:/Users/alllllll/OneDrive/Desktop/╪د┘╪د╪«┘è╪▒/TradeFlow/src/app/features/settings/settings.component.html@20:23[0m 
[1m[35m[plugin angular-compiler][0m

    src/app/features/settings/settings.component.html:198:25:
[37m      198 ظ¤é         <button (click)="[32msaveNewAccount()[37m" class="flex-1 px-6 py-...
          ظـ╡                          [32m~~~~~~~~~~~~~~~~[0m

  Error occurs in the template of component SettingsComponent.

    src/app/features/settings/settings.component.ts:17:15:
[37m      17 ظ¤é   templateUrl: [32m'./settings.component.html'[37m
         ظـ╡                [32m~~~~~~~~~~~~~~~~~~~~~~~~~~~[0m

[39m[22m
